Component: ARM Compiler 5.06 update 7 (build 960) Tool: armlink [4d3601]

==============================================================================

Section Cross References

    startup_stm32f10x_hd.o(RESET) refers to startup_stm32f10x_hd.o(STACK) for __initial_sp
    startup_stm32f10x_hd.o(RESET) refers to startup_stm32f10x_hd.o(.text) for Reset_Handler
    startup_stm32f10x_hd.o(RESET) refers to stm32f10x_it.o(i.NMI_Handler) for NMI_Handler
    startup_stm32f10x_hd.o(RESET) refers to stm32f10x_it.o(i.HardFault_Handler) for HardFault_Handler
    startup_stm32f10x_hd.o(RESET) refers to stm32f10x_it.o(i.MemManage_Handler) for MemManage_Handler
    startup_stm32f10x_hd.o(RESET) refers to stm32f10x_it.o(i.BusFault_Handler) for BusFault_Handler
    startup_stm32f10x_hd.o(RESET) refers to stm32f10x_it.o(i.UsageFault_Handler) for UsageFault_Handler
    startup_stm32f10x_hd.o(RESET) refers to port.o(.emb_text) for SVC_Handler
    startup_stm32f10x_hd.o(RESET) refers to stm32f10x_it.o(i.DebugMon_Handler) for DebugMon_Handler
    startup_stm32f10x_hd.o(RESET) refers to stm32f10x_it.o(i.SysTick_Handler) for SysTick_Handler
    startup_stm32f10x_hd.o(RESET) refers to stm32f10x_it.o(i.TIM1_UP_IRQHandler) for TIM1_UP_IRQHandler
    startup_stm32f10x_hd.o(RESET) refers to stm32f10x_it.o(i.TIM1_CC_IRQHandler) for TIM1_CC_IRQHandler
    startup_stm32f10x_hd.o(RESET) refers to stm32f10x_it.o(i.TIM4_IRQHandler) for TIM4_IRQHandler
    startup_stm32f10x_hd.o(RESET) refers to stm32f10x_it.o(i.USART1_IRQHandler) for USART1_IRQHandler
    startup_stm32f10x_hd.o(RESET) refers to uart2.o(i.USART2_IRQHandler) for USART2_IRQHandler
    startup_stm32f10x_hd.o(RESET) refers to stm32f10x_it.o(i.SDIO_IRQHandler) for SDIO_IRQHandler
    startup_stm32f10x_hd.o(RESET) refers to stm32f10x_it.o(i.TIM5_IRQHandler) for TIM5_IRQHandler
    startup_stm32f10x_hd.o(RESET) refers to stm32f10x_it.o(i.TIM6_IRQHandler) for TIM6_IRQHandler
    startup_stm32f10x_hd.o(RESET) refers to stm32f10x_it.o(i.TIM7_IRQHandler) for TIM7_IRQHandler
    startup_stm32f10x_hd.o(.text) refers to system_stm32f10x.o(i.SystemInit) for SystemInit
    startup_stm32f10x_hd.o(.text) refers to entry.o(.ARM.Collect$$$$00000000) for __main
    main.o(i.AppTaskCreate) refers to port.o(i.vPortEnterCritical) for vPortEnterCritical
    main.o(i.AppTaskCreate) refers to event_groups.o(i.xEventGroupCreate) for xEventGroupCreate
    main.o(i.AppTaskCreate) refers to printfa.o(i.__0printf) for __2printf
    main.o(i.AppTaskCreate) refers to queue.o(i.xQueueCreateMutex) for xQueueCreateMutex
    main.o(i.AppTaskCreate) refers to queue.o(i.xQueueGenericSend) for xQueueGenericSend
    main.o(i.AppTaskCreate) refers to tasks.o(i.xTaskCreateStatic) for xTaskCreateStatic
    main.o(i.AppTaskCreate) refers to tasks.o(i.xTaskCreate) for xTaskCreate
    main.o(i.AppTaskCreate) refers to tasks.o(i.vTaskDelete) for vTaskDelete
    main.o(i.AppTaskCreate) refers to port.o(i.vPortExitCritical) for vPortExitCritical
    main.o(i.AppTaskCreate) refers to main.o(.data) for .data
    main.o(i.AppTaskCreate) refers to main.o(.bss) for .bss
    main.o(i.AppTaskCreate) refers to main.o(i.SPEED_Task) for SPEED_Task
    main.o(i.AppTaskCreate) refers to main.o(i.OIL_Task) for OIL_Task
    main.o(i.AppTaskCreate) refers to main.o(i.CAN_Task) for CAN_Task
    main.o(i.AppTaskCreate) refers to main.o(i.USART_Task) for USART_Task
    main.o(i.AppTaskCreate) refers to main.o(i.Mileage_count_Task) for Mileage_count_Task
    main.o(i.AppTaskCreate) refers to main.o(i.SD_RWTask) for SD_RWTask
    main.o(i.AppTaskCreate) refers to main.o(i.Battery_capacity_Task) for Battery_capacity_Task
    main.o(i.AppTaskCreate) refers to main.o(i.RingBuffer_Read_Task) for RingBuffer_Read_Task
    main.o(i.AppTaskCreate) refers to main.o(i.OneNET_4G_DTU_Task) for OneNET_4G_DTU_Task
    main.o(i.AppTaskCreate) refers to main.o(i.DTU_4G_Task) for DTU_4G_Task
    main.o(i.AppTaskCreate) refers to main.o(i.IWDG_Task) for IWDG_Task
    main.o(i.BSP_Init) refers to misc.o(i.NVIC_PriorityGroupConfig) for NVIC_PriorityGroupConfig
    main.o(i.BSP_Init) refers to bsp_adc.o(i.ADC_Configuration) for ADC_Configuration
    main.o(i.BSP_Init) refers to usart.o(i.uart_init) for uart_init
    main.o(i.BSP_Init) refers to uart2.o(i.uart2_init) for uart2_init
    main.o(i.BSP_Init) refers to bsp_delay.o(i.Delay_Init) for Delay_Init
    main.o(i.BSP_Init) refers to malloc.o(i.my_mem_init) for my_mem_init
    main.o(i.BSP_Init) refers to ringbuffer.o(i.RingBuffer_Malloc) for RingBuffer_Malloc
    main.o(i.BSP_Init) refers to bsp_can.o(i.CAN_Config) for CAN_Config
    main.o(i.BSP_Init) refers to bsp_timer.o(i.Timer6_Init) for Timer6_Init
    main.o(i.BSP_Init) refers to bsp_timer.o(i.Timer1_Init) for Timer1_Init
    main.o(i.BSP_Init) refers to bsp_timer.o(i.Timer7_Init) for Timer7_Init
    main.o(i.BSP_Init) refers to bsp_timer.o(i.Timer5_Init) for Timer5_Init
    main.o(i.BSP_Init) refers to bsp_timer.o(i.Timer4_Init) for Timer4_Init
[...]
    __aeabi_uldivmod                         0x0800079f   Thumb Code    98  uldiv.o(.text)
    __aeabi_llsr                             0x08000801   Thumb Code    32  llushr.o(.text)
    _ll_ushift_r                             0x08000801   Thumb Code     0  llushr.o(.text)
    __strtod_int                             0x08000857   Thumb Code    90  strtod.o(.text)
    strtol                                   0x080008bd   Thumb Code   112  strtol.o(.text)
    __I$use$fp                               0x0800092d   Thumb Code     0  iusefp.o(.text)
    _float_round                             0x0800092d   Thumb Code    18  fepilogue.o(.text)
    _float_epilogue                          0x0800093f   Thumb Code    92  fepilogue.o(.text)
    _double_round                            0x0800099b   Thumb Code    30  depilogue.o(.text)
    _double_epilogue                         0x080009b9   Thumb Code   156  depilogue.o(.text)
    __aeabi_dadd                             0x08000a55   Thumb Code   322  dadd.o(.text)
    __aeabi_dsub                             0x08000b97   Thumb Code     6  dadd.o(.text)
    __aeabi_drsub                            0x08000b9d   Thumb Code     6  dadd.o(.text)
    __aeabi_d2ulz                            0x08000ba3   Thumb Code    48  dfixul.o(.text)
    __aeabi_cdrcmple                         0x08000bd5   Thumb Code    48  cdrcmple.o(.text)
    __scatterload                            0x08000c05   Thumb Code    28  init.o(.text)
    __scatterload_rt2                        0x08000c05   Thumb Code     0  init.o(.text)
    __aeabi_llsl                             0x08000c29   Thumb Code    30  llshl.o(.text)
    _ll_shift_l                              0x08000c29   Thumb Code     0  llshl.o(.text)
    __aeabi_lasr                             0x08000c47   Thumb Code    36  llsshr.o(.text)
    _ll_sshift_r                             0x08000c47   Thumb Code     0  llsshr.o(.text)
    __rt_ctype_table                         0x08000c6d   Thumb Code     4  ctype_o.o(.text)
    isspace                                  0x08000c75   Thumb Code    18  isspace_o.o(.text)
    _scanf_real                              0x08000db1   Thumb Code     0  scanf_fp.o(.text)
    _scanf_really_real                       0x08000db1   Thumb Code   556  scanf_fp.o(.text)
    _sgetc                                   0x08000fe9   Thumb Code    30  _sgetc.o(.text)
    _sbackspace                              0x08001007   Thumb Code    34  _sgetc.o(.text)
    _strtoul                                 0x08001029   Thumb Code   158  _strtoul.o(.text)
    _chval                                   0x080010c7   Thumb Code    28  _chval.o(.text)
    __aeabi_ul2d                             0x080010e3   Thumb Code    24  dfltul.o(.text)
    __decompress                             0x080010fb   Thumb Code     0  __dczerorl2.o(.text)
    __decompress1                            0x080010fb   Thumb Code    86  __dczerorl2.o(.text)
    ADC_Cmd                                  0x08001151   Thumb Code    20  stm32f10x_adc.o(i.ADC_Cmd)
    ADC_Configuration                        0x08001165   Thumb Code   128  bsp_adc.o(i.ADC_Configuration)
    ADC_DeInit                               0x080011ed   Thumb Code    56  stm32f10x_adc.o(i.ADC_DeInit)
    ADC_GetCalibrationStatus                 0x08001231   Thumb Code    14  stm32f10x_adc.o(i.ADC_GetCalibrationStatus)
    ADC_GetConversionValue                   0x0800123f   Thumb Code     6  stm32f10x_adc.o(i.ADC_GetConversionValue)
    ADC_GetFlagStatus                        0x08001245   Thumb Code    14  stm32f10x_adc.o(i.ADC_GetFlagStatus)
    ADC_GetResetCalibrationStatus            0x08001253   Thumb Code    14  stm32f10x_adc.o(i.ADC_GetResetCalibrationStatus)
    ADC_Init                                 0x08001261   Thumb Code    62  stm32f10x_adc.o(i.ADC_Init)
    ADC_RegularChannelConfig                 0x080012a9   Thumb Code   116  stm32f10x_adc.o(i.ADC_RegularChannelConfig)
    ADC_ResetCalibration                     0x0800131d   Thumb Code    10  stm32f10x_adc.o(i.ADC_ResetCalibration)
    ADC_SingleMode_GetValue                  0x08001329   Thumb Code    94  bsp_adc.o(i.ADC_SingleMode_GetValue)
    ADC_SoftwareStartConvCmd                 0x0800138d   Thumb Code    20  stm32f10x_adc.o(i.ADC_SoftwareStartConvCmd)
    ADC_StartCalibration                     0x080013a1   Thumb Code    10  stm32f10x_adc.o(i.ADC_StartCalibration)
    BKP_ClearFlag                            0x08001995   Thumb Code    12  stm32f10x_bkp.o(i.BKP_ClearFlag)
    BKP_DeInit                               0x080019a5   Thumb Code    18  stm32f10x_bkp.o(i.BKP_DeInit)
    BKP_ReadBackupRegister                   0x080019b9   Thumb Code    12  stm32f10x_bkp.o(i.BKP_ReadBackupRegister)
    BKP_WriteBackupRegister                  0x080019c9   Thumb Code    12  stm32f10x_bkp.o(i.BKP_WriteBackupRegister)
    BusFault_Handler                         0x08001e11   Thumb Code     2  stm32f10x_it.o(i.BusFault_Handler)
    CAN_Config                               0x08001e15   Thumb Code   224  bsp_can.o(i.CAN_Config)
    CAN_DeInit                               0x08001efd   Thumb Code    38  stm32f10x_can.o(i.CAN_DeInit)
    CAN_FilterInit                           0x08001f29   Thumb Code   194  stm32f10x_can.o(i.CAN_FilterInit)
    CAN_ITConfig                             0x08001ff5   Thumb Code    16  stm32f10x_can.o(i.CAN_ITConfig)
    CAN_Init                                 0x08002005   Thumb Code   232  stm32f10x_can.o(i.CAN_Init)
    CAN_SendMsg                              0x080020ed   Thumb Code    92  bsp_can.o(i.CAN_SendMsg)
    CAN_StructInit                           0x0800214d   Thumb Code    32  stm32f10x_can.o(i.CAN_StructInit)
    CAN_Transmit                             0x08002245   Thumb Code   190  stm32f10x_can.o(i.CAN_Transmit)
    CAN_TransmitStatus                       0x08002305   Thumb Code    88  stm32f10x_can.o(i.CAN_TransmitStatus)
    DMA_ClearFlag                            0x08002431   Thumb Code    16  stm32f10x_dma.o(i.DMA_ClearFlag)
    DMA_Cmd                                  0x08002449   Thumb Code    22  stm32f10x_dma.o(i.DMA_Cmd)
    DMA_GetFlagStatus                        0x08002461   Thumb Code    24  stm32f10x_dma.o(i.DMA_GetFlagStatus)
    DMA_Init                                 0x08002481   Thumb Code    58  stm32f10x_dma.o(i.DMA_Init)
    DTU_AT_CLK_DataAnalyze                   0x0800257d   Thumb Code   242  atk_m750.o(i.DTU_AT_CLK_DataAnalyze)
    DTU_AT_CSQ_DataAnalyze                   0x08002679   Thumb Code    24  atk_m750.o(i.DTU_AT_CSQ_DataAnalyze)
    DebugMon_Handler                         0x08002691   Thumb Code     2  stm32f10x_it.o(i.DebugMon_Handler)
    Delay_Init                               0x08002695   Thumb Code    48  bsp_delay.o(i.Delay_Init)
    GPIO_Init                                0x080027fd   Thumb Code   162  stm32f10x_gpio.o(i.GPIO_Init)
    HardFault_Handler                        0x080028a1   Thumb Code    32  stm32f10x_it.o(i.HardFault_Handler)
    IWDG_Enable                              0x080028d5   Thumb Code    10  stm32f10x_iwdg.o(i.IWDG_Enable)
    IWDG_ReloadCounter                       0x080028e5   Thumb Code    10  stm32f10x_iwdg.o(i.IWDG_ReloadCounter)
    IWDG_SetPrescaler                        0x080028f5   Thumb Code     6  stm32f10x_iwdg.o(i.IWDG_SetPrescaler)
    IWDG_SetReload                           0x08002901   Thumb Code     6  stm32f10x_iwdg.o(i.IWDG_SetReload)
    IWDG_WriteAccessCmd                      0x08002931   Thumb Code     6  stm32f10x_iwdg.o(i.IWDG_WriteAccessCmd)
    MemManage_Handler                        0x0800293d   Thumb Code     2  stm32f10x_it.o(i.MemManage_Handler)
    NMI_Handler                              0x08002971   Thumb Code     2  stm32f10x_it.o(i.NMI_Handler)
    NVIC_Configuration                       0x08002973   Thumb Code    40  bsp_sdio_sdcard.o(i.NVIC_Configuration)
    NVIC_Init                                0x0800299d   Thumb Code    94  misc.o(i.NVIC_Init)
    NVIC_PriorityGroupConfig                 0x08002a01   Thumb Code    10  misc.o(i.NVIC_PriorityGroupConfig)
    PWR_ClearFlag                            0x08002e75   Thumb Code    12  stm32f10x_pwr.o(i.PWR_ClearFlag)
    PWR_EnterSTANDBYMode                     0x08002e85   Thumb Code    32  stm32f10x_pwr.o(i.PWR_EnterSTANDBYMode)
    RCC_ADCCLKConfig                         0x08002ead   Thumb Code    14  stm32f10x_rcc.o(i.RCC_ADCCLKConfig)
    RCC_AHBPeriphClockCmd                    0x08002ec1   Thumb Code    18  stm32f10x_rcc.o(i.RCC_AHBPeriphClockCmd)
    RCC_APB1PeriphClockCmd                   0x08002ed9   Thumb Code    18  stm32f10x_rcc.o(i.RCC_APB1PeriphClockCmd)
    RCC_APB1PeriphResetCmd                   0x08002ef1   Thumb Code    18  stm32f10x_rcc.o(i.RCC_APB1PeriphResetCmd)
    RCC_APB2PeriphClockCmd                   0x08002f09   Thumb Code    18  stm32f10x_rcc.o(i.RCC_APB2PeriphClockCmd)
    RCC_APB2PeriphResetCmd                   0x08002f21   Thumb Code    18  stm32f10x_rcc.o(i.RCC_APB2PeriphResetCmd)
    RCC_BackupResetCmd                       0x08002f39   Thumb Code     6  stm32f10x_rcc.o(i.RCC_BackupResetCmd)
    RCC_GetClocksFreq                        0x08002f45   Thumb Code   128  stm32f10x_rcc.o(i.RCC_GetClocksFreq)
    RingBuffer_In                            0x08002fd5   Thumb Code    72  ringbuffer.o(i.RingBuffer_In)
    RingBuffer_Malloc                        0x0800301d   Thumb Code    88  ringbuffer.o(i.RingBuffer_Malloc)
    RingBuffer_Out                           0x08003075   Thumb Code    70  ringbuffer.o(i.RingBuffer_Out)
    SDIO_ClearFlag                           0x080032f5   Thumb Code     6  stm32f10x_sdio.o(i.SDIO_ClearFlag)
    SDIO_ClearITPendingBit                   0x08003301   Thumb Code     6  stm32f10x_sdio.o(i.SDIO_ClearITPendingBit)
    SDIO_ClockCmd                            0x0800330d   Thumb Code     8  stm32f10x_sdio.o(i.SDIO_ClockCmd)
    SDIO_DMACmd                              0x08003319   Thumb Code     6  stm32f10x_sdio.o(i.SDIO_DMACmd)
    SDIO_DataConfig                          0x08003325   Thumb Code    38  stm32f10x_sdio.o(i.SDIO_DataConfig)
    SDIO_DeInit                              0x08003351   Thumb Code    26  stm32f10x_sdio.o(i.SDIO_DeInit)
    SDIO_GetCommandResponse                  0x08003375   Thumb Code     8  stm32f10x_sdio.o(i.SDIO_GetCommandResponse)
    SDIO_GetFlagStatus                       0x08003381   Thumb Code    16  stm32f10x_sdio.o(i.SDIO_GetFlagStatus)
    SDIO_GetPowerState                       0x08003395   Thumb Code    10  stm32f10x_sdio.o(i.SDIO_GetPowerState)
    SDIO_GetResponse                         0x080033a5   Thumb Code    12  stm32f10x_sdio.o(i.SDIO_GetResponse)
    SDIO_IRQHandler                          0x080033b5   Thumb Code     4  stm32f10x_it.o(i.SDIO_IRQHandler)
    SDIO_ITConfig                            0x080033b9   Thumb Code    18  stm32f10x_sdio.o(i.SDIO_ITConfig)
    SDIO_Init                                0x080033d1   Thumb Code    40  stm32f10x_sdio.o(i.SDIO_Init)
    SDIO_ReadData                            0x080033fd   Thumb Code     8  stm32f10x_sdio.o(i.SDIO_ReadData)
    SDIO_SendCommand                         0x08003409   Thumb Code    34  stm32f10x_sdio.o(i.SDIO_SendCommand)
    SDIO_SetPowerState                       0x08003431   Thumb Code    18  stm32f10x_sdio.o(i.SDIO_SetPowerState)
    SD_DMAEndOfTransferStatus                0x08003449   Thumb Code     6  bsp_sdio_sdcard.o(i.SD_DMAEndOfTransferStatus)
    SD_EnableWideBusOperation                0x08003455   Thumb Code   108  bsp_sdio_sdcard.o(i.SD_EnableWideBusOperation)
    SD_GetCardInfo                           0x080034c9   Thumb Code   572  bsp_sdio_sdcard.o(i.SD_GetCardInfo)
    SD_GetState                              0x0800370d   Thumb Code    40  bsp_sdio_sdcard.o(i.SD_GetState)
    SD_GetStatus                             0x08003735   Thumb Code    26  bsp_sdio_sdcard.o(i.SD_GetStatus)
    SD_Init                                  0x08003751   Thumb Code    96  bsp_sdio_sdcard.o(i.SD_Init)
    SD_InitializeCards                       0x080037b5   Thumb Code   244  bsp_sdio_sdcard.o(i.SD_InitializeCards)
    SD_LowLevel_DMA_RxConfig                 0x080038b1   Thumb Code    80  bsp_sdio_sdcard.o(i.SD_LowLevel_DMA_RxConfig)
    SD_LowLevel_DMA_TxConfig                 0x0800390d   Thumb Code    82  bsp_sdio_sdcard.o(i.SD_LowLevel_DMA_TxConfig)
    SD_LowLevel_Init                         0x0800396d   Thumb Code    92  bsp_sdio_sdcard.o(i.SD_LowLevel_Init)
    SD_PowerON                               0x080039d1   Thumb Code   400  bsp_sdio_sdcard.o(i.SD_PowerON)
    SD_ProcessIRQSrc                         0x08003b71   Thumb Code    56  bsp_sdio_sdcard.o(i.SD_ProcessIRQSrc)
    SD_ReadMultiBlocks                       0x08003c4d   Thumb Code   174  bsp_sdio_sdcard.o(i.SD_ReadMultiBlocks)
    SD_SelectDeselect                        0x08003f09   Thumb Code    40  bsp_sdio_sdcard.o(i.SD_SelectDeselect)
    SD_SendStatus                            0x08003f35   Thumb Code    36  bsp_sdio_sdcard.o(i.SD_SendStatus)
    SD_WaitReadOperation                     0x08003f61   Thumb Code    36  bsp_sdio_sdcard.o(i.SD_WaitReadOperation)
    SD_WaitWriteOperation                    0x08003f89   Thumb Code    44  bsp_sdio_sdcard.o(i.SD_WaitWriteOperation)
    SD_WriteMultiBlocks                      0x08003fb9   Thumb Code   208  bsp_sdio_sdcard.o(i.SD_WriteMultiBlocks)
    Standby_mode                             0x080042e9   Thumb Code    24  bsp_pwr.o(i.Standby_mode)
    SysTick_CLKSourceConfig                  0x08004301   Thumb Code    24  misc.o(i.SysTick_CLKSourceConfig)
    SysTick_Handler                          0x08004319   Thumb Code    20  stm32f10x_it.o(i.SysTick_Handler)
    SystemInit                               0x0800432d   Thumb Code    64  system_stm32f10x.o(i.SystemInit)
    TIM1_CC_IRQHandler                       0x08004465   Thumb Code   144  stm32f10x_it.o(i.TIM1_CC_IRQHandler)
    TIM1_UP_IRQHandler                       0x08004509   Thumb Code    38  stm32f10x_it.o(i.TIM1_UP_IRQHandler)
    TIM4_IRQHandler                          0x08004539   Thumb Code    54  stm32f10x_it.o(i.TIM4_IRQHandler)
    TIM5_IRQHandler                          0x0800457d   Thumb Code    60  stm32f10x_it.o(i.TIM5_IRQHandler)
    TIM6_IRQHandler                          0x080045c1   Thumb Code    38  stm32f10x_it.o(i.TIM6_IRQHandler)
    TIM7_IRQHandler                          0x080045f1   Thumb Code    58  stm32f10x_it.o(i.TIM7_IRQHandler)
    TIM_ClearFlag                            0x08004635   Thumb Code     6  stm32f10x_tim.o(i.TIM_ClearFlag)
    TIM_ClearITPendingBit                    0x0800463b   Thumb Code     6  stm32f10x_tim.o(i.TIM_ClearITPendingBit)
    TIM_Cmd                                  0x08004641   Thumb Code    20  stm32f10x_tim.o(i.TIM_Cmd)
    TIM_GetCounter                           0x08004655   Thumb Code     4  stm32f10x_tim.o(i.TIM_GetCounter)
    TIM_GetITStatus                          0x08004659   Thumb Code    24  stm32f10x_tim.o(i.TIM_GetITStatus)
    TIM_ICInit                               0x08004671   Thumb Code   280  stm32f10x_tim.o(i.TIM_ICInit)
    TIM_ITConfig                             0x0800479d   Thumb Code    16  stm32f10x_tim.o(i.TIM_ITConfig)
    TIM_SetCounter                           0x080047ad   Thumb Code     4  stm32f10x_tim.o(i.TIM_SetCounter)
    TIM_SetIC1Prescaler                      0x080047b1   Thumb Code    16  stm32f10x_tim.o(i.TIM_SetIC1Prescaler)
    TIM_SetIC2Prescaler                      0x080047c1   Thumb Code    24  stm32f10x_tim.o(i.TIM_SetIC2Prescaler)
    TIM_SetIC3Prescaler                      0x080047d9   Thumb Code    16  stm32f10x_tim.o(i.TIM_SetIC3Prescaler)
    TIM_SetIC4Prescaler                      0x080047e9   Thumb Code    24  stm32f10x_tim.o(i.TIM_SetIC4Prescaler)
    TIM_TimeBaseInit                         0x08004801   Thumb Code   114  stm32f10x_tim.o(i.TIM_TimeBaseInit)
    Timer1_Init                              0x0800489d   Thumb Code   178  bsp_timer.o(i.Timer1_Init)
    Timer4_Init                              0x08004959   Thumb Code   108  bsp_timer.o(i.Timer4_Init)
    Timer5_Init                              0x080049c9   Thumb Code   108  bsp_timer.o(i.Timer5_Init)
    Timer6_Init                              0x08004a39   Thumb Code   110  bsp_timer.o(i.Timer6_Init)
    Timer7_Init                              0x08004aad   Thumb Code    94  bsp_timer.o(i.Timer7_Init)
    USART1_IRQHandler                        0x08004b11   Thumb Code   120  stm32f10x_it.o(i.USART1_IRQHandler)
    USART2_IRQHandler                        0x08004bad   Thumb Code    42  uart2.o(i.USART2_IRQHandler)
    USART_ClearITPendingBit                  0x08004be1   Thumb Code    12  stm32f10x_usart.o(i.USART_ClearITPendingBit)
    USART_Cmd                                0x08004bed   Thumb Code    20  stm32f10x_usart.o(i.USART_Cmd)
    USART_GetITStatus                        0x08004c01   Thumb Code    62  stm32f10x_usart.o(i.USART_GetITStatus)
    USART_ITConfig                           0x08004c3f   Thumb Code    48  stm32f10x_usart.o(i.USART_ITConfig)
    USART_Init                               0x08004c71   Thumb Code   166  stm32f10x_usart.o(i.USART_Init)
    USART_ReceiveData                        0x08004d1d   Thumb Code     8  stm32f10x_usart.o(i.USART_ReceiveData)
    UsageFault_Handler                       0x08004e45   Thumb Code     2  stm32f10x_it.o(i.UsageFault_Handler)
    WWDG_Config                              0x08004e47   Thumb Code    38  bsp_iwdg.o(i.WWDG_Config)
    __0printf                                0x08004e6d   Thumb Code    22  printfa.o(i.__0printf)
    __1printf                                0x08004e6d   Thumb Code     0  printfa.o(i.__0printf)
    __2printf                                0x08004e6d   Thumb Code     0  printfa.o(i.__0printf)
    __c89printf                              0x08004e6d   Thumb Code     0  printfa.o(i.__0printf)
    printf                                   0x08004e6d   Thumb Code     0  printfa.o(i.__0printf)
    __0sprintf                               0x08004e8d   Thumb Code    34  printfa.o(i.__0sprintf)
    __1sprintf                               0x08004e8d   Thumb Code     0  printfa.o(i.__0sprintf)
    __2sprintf                               0x08004e8d   Thumb Code     0  printfa.o(i.__0sprintf)
    __c89sprintf                             0x08004e8d   Thumb Code     0  printfa.o(i.__0sprintf)
    sprintf                                  0x08004e8d   Thumb Code     0  printfa.o(i.__0sprintf)
    __aeabi_errno_addr                       0x08004eb5   Thumb Code     4  errno.o(i.__aeabi_errno_addr)
    __rt_errno_addr                          0x08004eb5   Thumb Code     0  errno.o(i.__aeabi_errno_addr)
    __read_errno                             0x08004ebd   Thumb Code     6  errno.o(i.__read_errno)
    __scatterload_copy                       0x08004ec9   Thumb Code    14  handlers.o(i.__scatterload_copy)
    __scatterload_null                       0x08004ed7   Thumb Code     2  handlers.o(i.__scatterload_null)
    __scatterload_zeroinit                   0x08004ed9   Thumb Code    14  handlers.o(i.__scatterload_zeroinit)
    __set_errno                              0x08004ee9   Thumb Code     6  errno.o(i.__set_errno)
    _is_digit                                0x08005079   Thumb Code    14  scanf_fp.o(i._is_digit)
    atof                                     0x08005799   Thumb Code    42  atof.o(i.atof)
    delay_us                                 0x08005da9   Thumb Code    48  bsp_delay.o(i.delay_us)
    delay_xms                                0x08005ddd   Thumb Code    26  bsp_delay.o(i.delay_xms)
    disk_initialize                          0x08006243   Thumb Code    34  diskio.o(i.disk_initialize)
    disk_ioctl                               0x08006265   Thumb Code    80  diskio.o(i.disk_ioctl)
    disk_read                                0x080062b9   Thumb Code   132  diskio.o(i.disk_read)
    disk_status                              0x08006341   Thumb Code    24  diskio.o(i.disk_status)
    disk_write                               0x08006359   Thumb Code   136  diskio.o(i.disk_write)
    dtu_config_init                          0x080063e5   Thumb Code    96  atk_m750.o(i.dtu_config_init)
    dtu_enter_configmode                     0x080064a5   Thumb Code    40  atk_m750.o(i.dtu_enter_configmode)
    dtu_enter_transfermode                   0x080064d9   Thumb Code    26  atk_m750.o(i.dtu_enter_transfermode)
    dtu_get_urc_info                         0x08006501   Thumb Code   116  atk_m750.o(i.dtu_get_urc_info)
    f_close                                  0x08006645   Thumb Code    30  ff.o(i.f_close)
    f_closedir                               0x08006663   Thumb Code    20  ff.o(i.f_closedir)
    f_lseek                                  0x08006677   Thumb Code   336  ff.o(i.f_lseek)
    f_mkdir                                  0x080067c7   Thumb Code   266  ff.o(i.f_mkdir)
    f_mkfs                                   0x080068d1   Thumb Code  1446  ff.o(i.f_mkfs)
    f_mount                                  0x08006e85   Thumb Code    66  ff.o(i.f_mount)
    f_open                                   0x08006ecd   Thumb Code   456  ff.o(i.f_open)
    f_opendir                                0x08007095   Thumb Code   108  ff.o(i.f_opendir)
    f_printf                                 0x08007101   Thumb Code   548  ff.o(i.f_printf)
    f_read                                   0x08007325   Thumb Code   364  ff.o(i.f_read)
    f_sync                                   0x08007491   Thumb Code   142  ff.o(i.f_sync)
    f_write                                  0x0800751f   Thumb Code   418  ff.o(i.f_write)
    ff_oem2uni                               0x080076c1   Thumb Code    70  ffunicode.o(i.ff_oem2uni)
    ff_uni2oem                               0x0800770d   Thumb Code    76  ffunicode.o(i.ff_uni2oem)
    ff_wtoupper                              0x0800775d   Thumb Code   126  ffunicode.o(i.ff_wtoupper)
    fputc                                    0x08007861   Thumb Code    18  usart.o(i.fputc)
    free                                     0x08007879   Thumb Code    76  malloc.o(i.free)
    get_fattime                              0x08007a4d   Thumb Code    42  diskio.o(i.get_fattime)
    main                                     0x08007afd   Thumb Code    50  main.o(i.main)
    malloc                                   0x08007b5d   Thumb Code    92  malloc.o(i.malloc)
    my_mem_free                              0x08007e7d   Thumb Code    78  malloc.o(i.my_mem_free)
    my_mem_init                              0x08007ed5   Thumb Code    50  malloc.o(i.my_mem_init)
    my_mem_malloc                            0x08007f11   Thumb Code   136  malloc.o(i.my_mem_malloc)
    my_mem_perused                           0x08007fa1   Thumb Code    48  malloc.o(i.my_mem_perused)
    myfree                                   0x08007fd9   Thumb Code    20  malloc.o(i.myfree)
    mymalloc                                 0x08007ff1   Thumb Code    28  malloc.o(i.mymalloc)
    mymemset                                 0x08008011   Thumb Code    14  malloc.o(i.mymemset)
    pvPortMalloc                             0x080088d5   Thumb Code   148  heap_4.o(i.pvPortMalloc)
    pvTaskIncrementMutexHeldCount            0x0800896d   Thumb Code    18  tasks.o(i.pvTaskIncrementMutexHeldCount)
    pxPortInitialiseStack                    0x08008985   Thumb Code    32  port.o(i.pxPortInitialiseStack)
    send_data_to_dtu                         0x08008ac5   Thumb Code     4  atk_m750.o(i.send_data_to_dtu)
    uart2_init                               0x08008bf1   Thumb Code   148  uart2.o(i.uart2_init)
    uart_init                                0x08008c8d   Thumb Code   140  usart.o(i.uart_init)
    usart1_send_data                         0x08008d21   Thumb Code    28  usart.o(i.usart1_send_data)
    usart2_send_data                         0x08008d41   Thumb Code    28  uart2.o(i.usart2_send_data)
    uxListRemove                             0x08008d61   Thumb Code    36  list.o(i.uxListRemove)
    uxTaskResetEventItemValue                0x08008d85   Thumb Code    20  tasks.o(i.uxTaskResetEventItemValue)
    vApplicationGetIdleTaskMemory            0x08008d9d   Thumb Code    16  main.o(i.vApplicationGetIdleTaskMemory)
    vApplicationGetTimerTaskMemory           0x08008db1   Thumb Code    16  main.o(i.vApplicationGetTimerTaskMemory)
    vApplicationStackOverflowHook            0x08008dc9   Thumb Code     6  main.o(i.vApplicationStackOverflowHook)
    vEventGroupClearBitsCallback             0x08008de9   Thumb Code     4  event_groups.o(i.vEventGroupClearBitsCallback)
    vEventGroupSetBitsCallback               0x08008ded   Thumb Code     4  event_groups.o(i.vEventGroupSetBitsCallback)
    vListInitialise                          0x08008df1   Thumb Code    22  list.o(i.vListInitialise)
    vListInitialiseItem                      0x08008e07   Thumb Code     6  list.o(i.vListInitialiseItem)
    vListInsert                              0x08008e0d   Thumb Code    48  list.o(i.vListInsert)
    vListInsertEnd                           0x08008e3d   Thumb Code    24  list.o(i.vListInsertEnd)
    vPortEnterCritical                       0x08008e55   Thumb Code    24  port.o(i.vPortEnterCritical)
    vPortExitCritical                        0x08008e71   Thumb Code    16  port.o(i.vPortExitCritical)
    vPortFree                                0x08008e85   Thumb Code    58  heap_4.o(i.vPortFree)
    vPortSetupTimerInterrupt                 0x08008ec5   Thumb Code    14  port.o(i.vPortSetupTimerInterrupt)
    vQueueAddToRegistry                      0x08008ed9   Thumb Code    34  queue.o(i.vQueueAddToRegistry)
    vQueueWaitForMessageRestricted           0x08008f01   Thumb Code    68  queue.o(i.vQueueWaitForMessageRestricted)
    vTaskDelay                               0x08008f45   Thumb Code    44  tasks.o(i.vTaskDelay)
    vTaskDelete                              0x08008f75   Thumb Code   136  tasks.o(i.vTaskDelete)
    vTaskMissedYield                         0x0800900d   Thumb Code     8  tasks.o(i.vTaskMissedYield)
    vTaskPlaceOnEventList                    0x08009019   Thumb Code    26  tasks.o(i.vTaskPlaceOnEventList)
    vTaskPlaceOnEventListRestricted          0x08009039   Thumb Code    34  tasks.o(i.vTaskPlaceOnEventListRestricted)
    vTaskPlaceOnUnorderedEventList           0x08009061   Thumb Code    38  tasks.o(i.vTaskPlaceOnUnorderedEventList)
    vTaskPriorityInherit                     0x0800908d   Thumb Code   124  tasks.o(i.vTaskPriorityInherit)
    vTaskSetTimeOutState                     0x08009111   Thumb Code    12  tasks.o(i.vTaskSetTimeOutState)
    vTaskStartScheduler                      0x08009121   Thumb Code   102  tasks.o(i.vTaskStartScheduler)
    vTaskSuspendAll                          0x0800919d   Thumb Code    10  tasks.o(i.vTaskSuspendAll)
    vTaskSwitchContext                       0x080091ad   Thumb Code   108  tasks.o(i.vTaskSwitchContext)
    xEventGroupClearBits                     0x08009259   Thumb Code    26  event_groups.o(i.xEventGroupClearBits)
    xEventGroupClearBitsFromISR              0x08009275   Thumb Code    12  event_groups.o(i.xEventGroupClearBitsFromISR)
    xEventGroupCreate                        0x08009285   Thumb Code    28  event_groups.o(i.xEventGroupCreate)
    xEventGroupSetBits                       0x080092a1   Thumb Code   100  event_groups.o(i.xEventGroupSetBits)
    xEventGroupSetBitsFromISR                0x08009305   Thumb Code    12  event_groups.o(i.xEventGroupSetBitsFromISR)
    xEventGroupWaitBits                      0x08009315   Thumb Code   172  event_groups.o(i.xEventGroupWaitBits)
    xPortStartScheduler                      0x080093c5   Thumb Code    38  port.o(i.xPortStartScheduler)
    xPortSysTickHandler                      0x080093f5   Thumb Code    38  port.o(i.xPortSysTickHandler)
    xQueueCreateMutex                        0x08009421   Thumb Code    22  queue.o(i.xQueueCreateMutex)
    xQueueGenericCreate                      0x08009437   Thumb Code    54  queue.o(i.xQueueGenericCreate)
    xQueueGenericCreateStatic                0x0800946d   Thumb Code    26  queue.o(i.xQueueGenericCreateStatic)
    xQueueGenericReceive                     0x08009489   Thumb Code   288  queue.o(i.xQueueGenericReceive)
    xQueueGenericReset                       0x080095ad   Thumb Code   112  queue.o(i.xQueueGenericReset)
    xQueueGenericSend                        0x08009621   Thumb Code   242  queue.o(i.xQueueGenericSend)
    xQueueGenericSendFromISR                 0x08009719   Thumb Code   102  queue.o(i.xQueueGenericSendFromISR)
    xTaskCheckForTimeOut                     0x08009781   Thumb Code    66  tasks.o(i.xTaskCheckForTimeOut)
    xTaskCreate                              0x080097c9   Thumb Code    90  tasks.o(i.xTaskCreate)
    xTaskCreateStatic                        0x08009823   Thumb Code    54  tasks.o(i.xTaskCreateStatic)
    xTaskGetSchedulerState                   0x08009859   Thumb Code    22  tasks.o(i.xTaskGetSchedulerState)
    xTaskGetTickCount                        0x08009875   Thumb Code     6  tasks.o(i.xTaskGetTickCount)
    xTaskIncrementTick                       0x08009881   Thumb Code   170  tasks.o(i.xTaskIncrementTick)
    xTaskPriorityDisinherit                  0x08009935   Thumb Code   102  tasks.o(i.xTaskPriorityDisinherit)
    xTaskRemoveFromEventList                 0x080099a5   Thumb Code    90  tasks.o(i.xTaskRemoveFromEventList)
    xTaskRemoveFromUnorderedEventList        0x08009a0d   Thumb Code    72  tasks.o(i.xTaskRemoveFromUnorderedEventList)
    xTaskResumeAll                           0x08009a5d   Thumb Code   166  tasks.o(i.xTaskResumeAll)
    xTimerCreateTimerTask                    0x08009b11   Thumb Code    66  timers.o(i.xTimerCreateTimerTask)
    xTimerGenericCommand                     0x08009b65   Thumb Code    74  timers.o(i.xTimerGenericCommand)
    xTimerPendFunctionCallFromISR            0x08009bb5   Thumb Code    34  timers.o(i.xTimerPendFunctionCallFromISR)
    ONENET_COM_OFF                           0x08009bdc   Data           7  main.o(.constdata)
    ONENET_COM_ON                            0x08009be3   Data           7  main.o(.constdata)
    memtblsize                               0x08009bec   Data           8  malloc.o(.constdata)
    memblksize                               0x08009bf4   Data           8  malloc.o(.constdata)
    memsize                                  0x08009bfc   Data           8  malloc.o(.constdata)
    sqpa                                     0x08009c04   Data          16  atk_m750.o(.constdata)
    __ctype_table                            0x08034a82   Data         129  ctype_o.o(.constdata)
    Region$$Table$$Base                      0x08035424   Number         0  anon$$obj.o(Region$$Table)
    Region$$Table$$Limit                     0x08035444   Number         0  anon$$obj.o(Region$$Table)
    RTC_Time_Flag                            0x20000000   Data           1  main.o(.data)
    SD_Mileage_sum_flag                      0x20000001   Data           1  main.o(.data)
    Oil                                      0x20000002   Data           1  main.o(.data)
    Oil_base_dat                             0x20000003   Data           1  main.o(.data)
    Battery_flag                             0x20000004   Data           1  main.o(.data)
    Network_size                             0x20000005   Data           1  main.o(.data)
    DTUTask1                                 0x20000009   Data           1  main.o(.data)
    DTUTask2                                 0x2000000a   Data           1  main.o(.data)
    DTUTask3                                 0x2000000b   Data           1  main.o(.data)
    DTU_AT_CLKFLAG                           0x2000000d   Data           1  main.o(.data)
    ONENET_OFF_FLAG                          0x2000000e   Data           1  main.o(.data)
    res_flash                                0x20000014   Data           1  main.o(.data)
    Oil_dat                                  0x20000016   Data           2  main.o(.data)
    Battery                                  0x20000018   Data           2  main.o(.data)
    Sdat                                     0x2000001c   Data           3  main.o(.data)
    MuxSem_Handle                            0x20000020   Data           4  main.o(.data)
    EventGroupHandler                        0x20000024   Data           4  main.o(.data)
    Car_SpeedData                            0x20000058   Data           4  main.o(.data)
    Rotate_Speed                             0x2000005c   Data           4  main.o(.data)
    Mileage_count                            0x20000060   Data           4  main.o(.data)
    Mileage_sum                              0x20000064   Data           4  main.o(.data)
    p_uart2_rxbuf                            0x2000006c   Data           4  main.o(.data)
    fnum                                     0x20000070   Data           4  main.o(.data)
    CanTx_Buf1                               0x20000074   Data           8  main.o(.data)
    CanTx_Buf2                               0x2000007c   Data           8  main.o(.data)
    Actual_Endflag                           0x20000084   Data           1  stm32f10x_it.o(.data)
    Startup_Flag                             0x20000085   Data           1  stm32f10x_it.o(.data)
    Endup_Flag                               0x20000086   Data           1  stm32f10x_it.o(.data)
    Sampling_Flag                            0x20000087   Data           1  stm32f10x_it.o(.data)
    Pulse_Count                              0x2000008c   Data           4  stm32f10x_it.o(.data)
    Total_Time_M1                            0x20000090   Data           4  stm32f10x_it.o(.data)
    Total_Time_M2                            0x20000094   Data           4  stm32f10x_it.o(.data)
    Overflow_Count                           0x20000098   Data           4  stm32f10x_it.o(.data)
    CPU_RunTime                              0x2000009c   Data           4  stm32f10x_it.o(.data)
    mallco_dev                               0x200000a0   Data          28  malloc.o(.data)
    pxCurrentTCB                             0x200000d4   Data           4  tasks.o(.data)
    TransferError                            0x20000148   Data           1  bsp_sdio_sdcard.o(.data)
    StopCondition                            0x20000154   Data           4  bsp_sdio_sdcard.o(.data)
    TransferEnd                              0x20000158   Data           4  bsp_sdio_sdcard.o(.data)
    Timedat                                  0x20000164   Data           8  atk_m750.o(.data)
    __stdout                                 0x200001a4   Data           4  stdout.o(.data)
    __microlib_freelist                      0x200001a8   Data           4  mvars.o(.data)
    __microlib_freelist_initialised          0x200001ac   Data           4  mvars.o(.data)
    Oil_count                                0x200001b4   Data         110  main.o(.bss)
    High                                     0x20000222   Data          16  main.o(.bss)
    Send_date                                0x20000432   Data         640  main.o(.bss)
    ReadBuffer                               0x200006b2   Data         512  main.o(.bss)
    fs                                       0x20002134   Data        4152  main.o(.bss)
    fnew                                     0x2000316c   Data        4136  main.o(.bss)
    work                                     0x20004194   Data        4096  main.o(.bss)
    Fdat                                     0x20005194   Data          50  main.o(.bss)
    mem1base                                 0x200051e0   Data        5120  malloc.o(.bss)
    mem1mapbase                              0x200065e0   Data         320  malloc.o(.bss)
    xQueueRegistry                           0x20006a04   Data          80  queue.o(.bss)
    SDCardInfo                               0x2000a79c   Data          80  bsp_sdio_sdcard.o(.bss)
    SDIO_InitStructure                       0x2000a7ec   Data          24  bsp_sdio_sdcard.o(.bss)
    SDIO_CmdInitStructure                    0x2000a804   Data          20  bsp_sdio_sdcard.o(.bss)
    SDIO_DataInitStructure                   0x2000a818   Data          24  bsp_sdio_sdcard.o(.bss)
    __heap_base                              0x2000ae30   Data           0  startup_stm32f10x_hd.o(HEAP)
    __heap_limit                             0x2000b230   Data           0  startup_stm32f10x_hd.o(HEAP)
    __initial_sp                             0x2000b830   Data           0  startup_stm32f10x_hd.o(STACK)
    mem2base                                 0x68000000   Data       983040  malloc.o(.ARM.__AT_0x68000000)
    mem2mapbase                              0x680f0000   Data       61440  malloc.o(.ARM.__AT_0x680F0000)



==============================================================================

Memory Map of the image

  Image Entry point : 0x08000131

  Load Region LR_IROM1 (Base: 0x08000000, Size: 0x000355f8, Max: 0x00080000, ABSOLUTE, COMPRESSED[0x000354a4])

    Execution Region ER_IROM1 (Exec base: 0x08000000, Load base: 0x08000000, Size: 0x00035444, Max: 0x00080000, ABSOLUTE)

    Exec Addr    Load Addr    Size         Type   Attr      Idx    E Section Name        Object

    0x08000000   0x08000000   0x00000130   Data   RO            3    RESET               startup_stm32f10x_hd.o
    0x08000130   0x08000130   0x00000000   Code   RO         5456  * .ARM.Collect$$$$00000000  mc_w.l(entry.o)
    0x08000130   0x08000130   0x00000004   Code   RO         5798    .ARM.Collect$$$$00000001  mc_w.l(entry2.o)
    0x08000134   0x08000134   0x00000004   Code   RO         5801    .ARM.Collect$$$$00000004  mc_w.l(entry5.o)
    0x08000138   0x08000138   0x00000000   Code   RO         5803    .ARM.Collect$$$$00000008  mc_w.l(entry7b.o)
    0x08000138   0x08000138   0x00000000   Code   RO         5805    .ARM.Collect$$$$0000000A  mc_w.l(entry8b.o)
    0x08000138   0x08000138   0x00000008   Code   RO         5806    .ARM.Collect$$$$0000000B  mc_w.l(entry9a.o)
    0x08000140   0x08000140   0x00000004   Code   RO         5813    .ARM.Collect$$$$0000000E  mc_w.l(entry12b.o)
    0x08000144   0x08000144   0x00000000   Code   RO         5808    .ARM.Collect$$$$0000000F  mc_w.l(entry10a.o)
    0x08000144   0x08000144   0x00000000   Code   RO         5810    .ARM.Collect$$$$00000011  mc_w.l(entry11a.o)
    0x08000144   0x08000144   0x00000004   Code   RO         5799    .ARM.Collect$$$$00002712  mc_w.l(entry2.o)
    0x08000148   0x08000148   0x00000096   Code   RO         4359    .emb_text           port.o
    0x080001de   0x080001de   0x00000002   PAD
    0x080001e0   0x080001e0   0x00000024   Code   RO            4    .text               startup_stm32f10x_hd.o
    0x08000204   0x08000204   0x00000024   Code   RO         5459    .text               mc_w.l(memcpya.o)
    0x08000228   0x08000228   0x00000024   Code   RO         5461    .text               mc_w.l(memseta.o)
    0x0800024c   0x0800024c   0x00000024   Code   RO         5463    .text               mc_w.l(strstr.o)
    0x08000270   0x08000270   0x00000014   Code   RO         5465    .text               mc_w.l(strchr.o)
    0x08000284   0x08000284   0x0000000e   Code   RO         5467    .text               mc_w.l(strlen.o)
    0x08000292   0x08000292   0x0000001c   Code   RO         5469    .text               mc_w.l(strcmp.o)
    0x080002ae   0x080002ae   0x0000001a   Code   RO         5471    .text               mc_w.l(memcmp.o)
    0x080002c8   0x080002c8   0x00000012   Code   RO         5473    .text               mc_w.l(strcpy.o)
    0x080002da   0x080002da   0x00000002   PAD
    0x080002dc   0x080002dc   0x00000044   Code   RO         5475    .text               mc_w.l(strtok.o)
    0x08000320   0x08000320   0x0000001a   Code   RO         5772    .text               mc_w.l(atoi.o)
    0x0800033a   0x0800033a   0x000000b0   Code   RO         5774    .text               mf_w.l(fadd.o)
    0x080003ea   0x080003ea   0x0000007c   Code   RO         5776    .text               mf_w.l(fdiv.o)
    0x08000466   0x08000466   0x00000018   Code   RO         5778    .text               mf_w.l(fscalb.o)
    0x0800047e   0x0800047e   0x000000e4   Code   RO         5780    .text               mf_w.l(dmul.o)
    0x08000562   0x08000562   0x000000de   Code   RO         5782    .text               mf_w.l(ddiv.o)
    0x08000640   0x08000640   0x0000002e   Code   RO         5784    .text               mf_w.l(dscalb.o)
    0x0800066e   0x0800066e   0x0000001a   Code   RO         5786    .text               mf_w.l(dfltui.o)
    0x08000688   0x08000688   0x00000032   Code   RO         5788    .text               mf_w.l(ffixi.o)
    0x080006ba   0x080006ba   0x00000028   Code   RO         5790    .text               mf_w.l(ffixui.o)
    0x080006e2   0x080006e2   0x00000032   Code   RO         5792    .text               mf_w.l(dfixui.o)
    0x08000714   0x08000714   0x00000026   Code   RO         5794    .text               mf_w.l(f2d.o)
    0x0800073a   0x0800073a   0x00000038   Code   RO         5796    .text               mf_w.l(d2f.o)
    0x08000772   0x08000772   0x0000002c   Code   RO         5815    .text               mc_w.l(uidiv.o)
    0x0800079e   0x0800079e   0x00000062   Code   RO         5817    .text               mc_w.l(uldiv.o)
    0x08000800   0x08000800   0x00000020   Code   RO         5819    .text               mc_w.l(llushr.o)
    0x08000820   0x08000820   0x0000009c   Code   RO         5830    .text               mc_w.l(strtod.o)
    0x080008bc   0x080008bc   0x00000070   Code   RO         5832    .text               mc_w.l(strtol.o)
    0x0800092c   0x0800092c   0x00000000   Code   RO         5834    .text               mc_w.l(iusefp.o)
    0x0800092c   0x0800092c   0x0000006e   Code   RO         5835    .text               mf_w.l(fepilogue.o)
    0x0800099a   0x0800099a   0x000000ba   Code   RO         5837    .text               mf_w.l(depilogue.o)
    0x08000a54   0x08000a54   0x0000014e   Code   RO         5839    .text               mf_w.l(dadd.o)
    0x08000ba2   0x08000ba2   0x00000030   Code   RO         5841    .text               mf_w.l(dfixul.o)
    0x08000bd2   0x08000bd2   0x00000002   PAD
    0x08000bd4   0x08000bd4   0x00000030   Code   RO         5843    .text               mf_w.l(cdrcmple.o)
    0x08000c04   0x08000c04   0x00000024   Code   RO         5845    .text               mc_w.l(init.o)
    0x08000c28   0x08000c28   0x0000001e   Code   RO         5847    .text               mc_w.l(llshl.o)
    0x08000c46   0x08000c46   0x00000024   Code   RO         5849    .text               mc_w.l(llsshr.o)
    0x08000c6a   0x08000c6a   0x00000002   PAD
    0x08000c6c   0x08000c6c   0x00000008   Code   RO         5853    .text               mc_w.l(ctype_o.o)
    0x08000c74   0x08000c74   0x00000012   Code   RO         5875    .text               mc_w.l(isspace_o.o)
    0x08000c86   0x08000c86   0x00000002   PAD
    0x08000c88   0x08000c88   0x00000360   Code   RO         5881    .text               mc_w.l(scanf_fp.o)
    0x08000fe8   0x08000fe8   0x00000040   Code   RO         5885    .text               mc_w.l(_sgetc.o)
    0x08001028   0x08001028   0x0000009e   Code   RO         5887    .text               mc_w.l(_strtoul.o)
    0x080010c6   0x080010c6   0x0000001c   Code   RO         5892    .text               mc_w.l(_chval.o)
    0x080010e2   0x080010e2   0x00000018   Code   RO         5894    .text               mf_w.l(dfltul.o)
    0x080010fa   0x080010fa   0x00000056   Code   RO         5904    .text               mc_w.l(__dczerorl2.o)
    0x08001150   0x08001150   0x00000014   Code   RO          616    i.ADC_Cmd           stm32f10x_adc.o
    0x08001164   0x08001164   0x00000088   Code   RO         5020    i.ADC_Configuration  bsp_adc.o
    0x080011ec   0x080011ec   0x00000044   Code   RO          618    i.ADC_DeInit        stm32f10x_adc.o
    0x08001230   0x08001230   0x0000000e   Code   RO          624    i.ADC_GetCalibrationStatus  stm32f10x_adc.o
    0x0800123e   0x0800123e   0x00000006   Code   RO          625    i.ADC_GetConversionValue  stm32f10x_adc.o
    0x08001244   0x08001244   0x0000000e   Code   RO          627    i.ADC_GetFlagStatus  stm32f10x_adc.o
    0x08001252   0x08001252   0x0000000e   Code   RO          630    i.ADC_GetResetCalibrationStatus  stm32f10x_adc.o
    0x08001260   0x08001260   0x00000048   Code   RO          634    i.ADC_Init          stm32f10x_adc.o
    0x080012a8   0x080012a8   0x00000074   Code   RO          638    i.ADC_RegularChannelConfig  stm32f10x_adc.o
    0x0800131c   0x0800131c   0x0000000a   Code   RO          639    i.ADC_ResetCalibration  stm32f10x_adc.o
    0x08001326   0x08001326   0x00000002   PAD
    0x08001328   0x08001328   0x00000064   Code   RO         5021    i.ADC_SingleMode_GetValue  bsp_adc.o
    0x0800138c   0x0800138c   0x00000014   Code   RO          641    i.ADC_SoftwareStartConvCmd  stm32f10x_adc.o
    0x080013a0   0x080013a0   0x0000000a   Code   RO          643    i.ADC_StartCalibration  stm32f10x_adc.o
    0x080013aa   0x080013aa   0x00000002   PAD
    0x080013ac   0x080013ac   0x000005e8   Code   RO           10    i.AppTaskCreate     main.o
    0x08001994   0x08001994   0x00000010   Code   RO          832    i.BKP_ClearFlag     stm32f10x_bkp.o
    0x080019a4   0x080019a4   0x00000012   Code   RO          834    i.BKP_DeInit        stm32f10x_bkp.o
    0x080019b6   0x080019b6   0x00000002   PAD
    0x080019b8   0x080019b8   0x00000010   Code   RO          839    i.BKP_ReadBackupRegister  stm32f10x_bkp.o
    0x080019c8   0x080019c8   0x00000010   Code   RO          843    i.BKP_WriteBackupRegister  stm32f10x_bkp.o
    0x080019d8   0x080019d8   0x00000374   Code   RO           11    i.BSP_Init          main.o
    0x08001d4c   0x08001d4c   0x000000c4   Code   RO           12    i.Battery_capacity_Task  main.o
    0x08001e10   0x08001e10   0x00000002   Code   RO          318    i.BusFault_Handler  stm32f10x_it.o
    0x08001e12   0x08001e12   0x00000002   PAD
    0x08001e14   0x08001e14   0x000000e8   Code   RO         4479    i.CAN_Config        bsp_can.o
    0x08001efc   0x08001efc   0x0000002c   Code   RO          914    i.CAN_DeInit        stm32f10x_can.o
    0x08001f28   0x08001f28   0x000000cc   Code   RO          916    i.CAN_FilterInit    stm32f10x_can.o
    0x08001ff4   0x08001ff4   0x00000010   Code   RO          922    i.CAN_ITConfig      stm32f10x_can.o
    0x08002004   0x08002004   0x000000e8   Code   RO          923    i.CAN_Init          stm32f10x_can.o
    0x080020ec   0x080020ec   0x00000060   Code   RO         4481    i.CAN_SendMsg       bsp_can.o
    0x0800214c   0x0800214c   0x00000020   Code   RO          929    i.CAN_StructInit    stm32f10x_can.o
    0x0800216c   0x0800216c   0x000000d8   Code   RO           13    i.CAN_Task          main.o
    0x08002244   0x08002244   0x000000be   Code   RO          931    i.CAN_Transmit      stm32f10x_can.o
    0x08002302   0x08002302   0x00000002   PAD
    0x08002304   0x08002304   0x0000006c   Code   RO          932    i.CAN_TransmitStatus  stm32f10x_can.o
    0x08002370   0x08002370   0x0000001c   Code   RO         4575    i.CmdResp1Error     bsp_sdio_sdcard.o
    0x0800238c   0x0800238c   0x00000034   Code   RO         4576    i.CmdResp2Error     bsp_sdio_sdcard.o
    0x080023c0   0x080023c0   0x00000070   Code   RO         4577    i.CmdResp6Error     bsp_sdio_sdcard.o
    0x08002430   0x08002430   0x00000018   Code   RO         1299    i.DMA_ClearFlag     stm32f10x_dma.o
    0x08002448   0x08002448   0x00000016   Code   RO         1301    i.DMA_Cmd           stm32f10x_dma.o
    0x0800245e   0x0800245e   0x00000002   PAD
    0x08002460   0x08002460   0x00000020   Code   RO         1304    i.DMA_GetFlagStatus  stm32f10x_dma.o
    0x08002480   0x08002480   0x0000003a   Code   RO         1307    i.DMA_Init          stm32f10x_dma.o
    0x080024ba   0x080024ba   0x00000002   PAD
    0x080024bc   0x080024bc   0x000000c0   Code   RO           14    i.DTU_4G_Task       main.o
    0x0800257c   0x0800257c   0x000000fc   Code   RO         4835    i.DTU_AT_CLK_DataAnalyze  atk_m750.o
    0x08002678   0x08002678   0x00000018   Code   RO         4836    i.DTU_AT_CSQ_DataAnalyze  atk_m750.o
    0x08002690   0x08002690   0x00000002   Code   RO          320    i.DebugMon_Handler  stm32f10x_it.o
    0x08002692   0x08002692   0x00000002   PAD
    0x08002694   0x08002694   0x00000034   Code   RO          503    i.Delay_Init        bsp_delay.o
    0x080026c8   0x080026c8   0x00000134   Code   RO         4578    i.FindSCR           bsp_sdio_sdcard.o
    0x080027fc   0x080027fc   0x000000a2   Code   RO         1723    i.GPIO_Init         stm32f10x_gpio.o
    0x0800289e   0x0800289e   0x00000002   PAD
    0x080028a0   0x080028a0   0x00000034   Code   RO          321    i.HardFault_Handler  stm32f10x_it.o
    0x080028d4   0x080028d4   0x00000010   Code   RO         2035    i.IWDG_Enable       stm32f10x_iwdg.o
    0x080028e4   0x080028e4   0x00000010   Code   RO         2037    i.IWDG_ReloadCounter  stm32f10x_iwdg.o
    0x080028f4   0x080028f4   0x0000000c   Code   RO         2038    i.IWDG_SetPrescaler  stm32f10x_iwdg.o
    0x08002900   0x08002900   0x0000000c   Code   RO         2039    i.IWDG_SetReload    stm32f10x_iwdg.o
    0x0800290c   0x0800290c   0x00000024   Code   RO           15    i.IWDG_Task         main.o
    0x08002930   0x08002930   0x0000000c   Code   RO         2040    i.IWDG_WriteAccessCmd  stm32f10x_iwdg.o
    0x0800293c   0x0800293c   0x00000002   Code   RO          322    i.MemManage_Handler  stm32f10x_it.o
    0x0800293e   0x0800293e   0x00000002   PAD
    0x08002940   0x08002940   0x00000030   Code   RO           16    i.Mileage_count_Task  main.o
    0x08002970   0x08002970   0x00000002   Code   RO          323    i.NMI_Handler       stm32f10x_it.o
    0x08002972   0x08002972   0x00000028   Code   RO         4580    i.NVIC_Configuration  bsp_sdio_sdcard.o
    0x0800299a   0x0800299a   0x00000002   PAD
    0x0800299c   0x0800299c   0x00000064   Code   RO          574    i.NVIC_Init         misc.o
    0x08002a00   0x08002a00   0x00000014   Code   RO          575    i.NVIC_PriorityGroupConfig  misc.o
    0x08002a14   0x08002a14   0x000001f0   Code   RO           17    i.OIL_Task          main.o
    0x08002c04   0x08002c04   0x00000140   Code   RO           18    i.OneNET_4G_DTU_Task  main.o
    0x08002d44   0x08002d44   0x00000130   Code   RO           19    i.OneNet_FillBuf    main.o
    0x08002e74   0x08002e74   0x00000010   Code   RO         2078    i.PWR_ClearFlag     stm32f10x_pwr.o
    0x08002e84   0x08002e84   0x00000028   Code   RO         2080    i.PWR_EnterSTANDBYMode  stm32f10x_pwr.o
    0x08002eac   0x08002eac   0x00000014   Code   RO         2137    i.RCC_ADCCLKConfig  stm32f10x_rcc.o
    0x08002ec0   0x08002ec0   0x00000018   Code   RO         2138    i.RCC_AHBPeriphClockCmd  stm32f10x_rcc.o
    0x08002ed8   0x08002ed8   0x00000018   Code   RO         2139    i.RCC_APB1PeriphClockCmd  stm32f10x_rcc.o
    0x08002ef0   0x08002ef0   0x00000018   Code   RO         2140    i.RCC_APB1PeriphResetCmd  stm32f10x_rcc.o
    0x08002f08   0x08002f08   0x00000018   Code   RO         2141    i.RCC_APB2PeriphClockCmd  stm32f10x_rcc.o
    0x08002f20   0x08002f20   0x00000018   Code   RO         2142    i.RCC_APB2PeriphResetCmd  stm32f10x_rcc.o
    0x08002f38   0x08002f38   0x0000000c   Code   RO         2144    i.RCC_BackupResetCmd  stm32f10x_rcc.o
    0x08002f44   0x08002f44   0x00000090   Code   RO         2149    i.RCC_GetClocksFreq  stm32f10x_rcc.o
    0x08002fd4   0x08002fd4   0x00000048   Code   RO         4799    i.RingBuffer_In     ringbuffer.o
    0x0800301c   0x0800301c   0x00000058   Code   RO         4800    i.RingBuffer_Malloc  ringbuffer.o
    0x08003074   0x08003074   0x00000046   Code   RO         4801    i.RingBuffer_Out    ringbuffer.o
    0x080030ba   0x080030ba   0x00000002   PAD
    0x080030bc   0x080030bc   0x00000178   Code   RO           20    i.RingBuffer_Read_Task  main.o
    0x08003234   0x08003234   0x000000c0   Code   RO         4581    i.SDEnWideBus       bsp_sdio_sdcard.o
    0x080032f4   0x080032f4   0x0000000c   Code   RO         2427    i.SDIO_ClearFlag    stm32f10x_sdio.o
    0x08003300   0x08003300   0x0000000c   Code   RO         2428    i.SDIO_ClearITPendingBit  stm32f10x_sdio.o
    0x0800330c   0x0800330c   0x0000000c   Code   RO         2429    i.SDIO_ClockCmd     stm32f10x_sdio.o
    0x08003318   0x08003318   0x0000000c   Code   RO         2432    i.SDIO_DMACmd       stm32f10x_sdio.o
    0x08003324   0x08003324   0x0000002c   Code   RO         2433    i.SDIO_DataConfig   stm32f10x_sdio.o
    0x08003350   0x08003350   0x00000024   Code   RO         2435    i.SDIO_DeInit       stm32f10x_sdio.o
    0x08003374   0x08003374   0x0000000c   Code   RO         2436    i.SDIO_GetCommandResponse  stm32f10x_sdio.o
    0x08003380   0x08003380   0x00000014   Code   RO         2439    i.SDIO_GetFlagStatus  stm32f10x_sdio.o
    0x08003394   0x08003394   0x00000010   Code   RO         2441    i.SDIO_GetPowerState  stm32f10x_sdio.o
    0x080033a4   0x080033a4   0x00000010   Code   RO         2442    i.SDIO_GetResponse  stm32f10x_sdio.o
    0x080033b4   0x080033b4   0x00000004   Code   RO          324    i.SDIO_IRQHandler   stm32f10x_it.o
    0x080033b8   0x080033b8   0x00000018   Code   RO         2443    i.SDIO_ITConfig     stm32f10x_sdio.o
    0x080033d0   0x080033d0   0x0000002c   Code   RO         2444    i.SDIO_Init         stm32f10x_sdio.o
    0x080033fc   0x080033fc   0x0000000c   Code   RO         2445    i.SDIO_ReadData     stm32f10x_sdio.o
    0x08003408   0x08003408   0x00000028   Code   RO         2447    i.SDIO_SendCommand  stm32f10x_sdio.o
    0x08003430   0x08003430   0x00000018   Code   RO         2449    i.SDIO_SetPowerState  stm32f10x_sdio.o
    0x08003448   0x08003448   0x0000000c   Code   RO         4582    i.SD_DMAEndOfTransferStatus  bsp_sdio_sdcard.o
    0x08003454   0x08003454   0x00000074   Code   RO         4585    i.SD_EnableWideBusOperation  bsp_sdio_sdcard.o
    0x080034c8   0x080034c8   0x00000244   Code   RO         4587    i.SD_GetCardInfo    bsp_sdio_sdcard.o
    0x0800370c   0x0800370c   0x00000028   Code   RO         4589    i.SD_GetState       bsp_sdio_sdcard.o
    0x08003734   0x08003734   0x0000001a   Code   RO         4590    i.SD_GetStatus      bsp_sdio_sdcard.o
    0x0800374e   0x0800374e   0x00000002   PAD
    0x08003750   0x08003750   0x00000064   Code   RO         4592    i.SD_Init           bsp_sdio_sdcard.o
    0x080037b4   0x080037b4   0x000000fc   Code   RO         4593    i.SD_InitializeCards  bsp_sdio_sdcard.o
    0x080038b0   0x080038b0   0x0000005c   Code   RO         4594    i.SD_LowLevel_DMA_RxConfig  bsp_sdio_sdcard.o
    0x0800390c   0x0800390c   0x00000060   Code   RO         4595    i.SD_LowLevel_DMA_TxConfig  bsp_sdio_sdcard.o
    0x0800396c   0x0800396c   0x00000064   Code   RO         4597    i.SD_LowLevel_Init  bsp_sdio_sdcard.o
    0x080039d0   0x080039d0   0x000001a0   Code   RO         4599    i.SD_PowerON        bsp_sdio_sdcard.o
    0x08003b70   0x08003b70   0x00000040   Code   RO         4600    i.SD_ProcessIRQSrc  bsp_sdio_sdcard.o
    0x08003bb0   0x08003bb0   0x0000009c   Code   RO           21    i.SD_RWTask         main.o
    0x08003c4c   0x08003c4c   0x000000bc   Code   RO         4602    i.SD_ReadMultiBlocks  bsp_sdio_sdcard.o
    0x08003d08   0x08003d08   0x00000200   Code   RO           22    i.SD_ReadtoMileage_count  main.o
    0x08003f08   0x08003f08   0x0000002c   Code   RO         4603    i.SD_SelectDeselect  bsp_sdio_sdcard.o
    0x08003f34   0x08003f34   0x0000002c   Code   RO         4605    i.SD_SendStatus     bsp_sdio_sdcard.o
    0x08003f60   0x08003f60   0x00000028   Code   RO         4607    i.SD_WaitReadOperation  bsp_sdio_sdcard.o
    0x08003f88   0x08003f88   0x00000030   Code   RO         4608    i.SD_WaitWriteOperation  bsp_sdio_sdcard.o
    0x08003fb8   0x08003fb8   0x000000dc   Code   RO         4610    i.SD_WriteMultiBlocks  bsp_sdio_sdcard.o
    0x08004094   0x08004094   0x000001ac   Code   RO           23    i.SPEED_Task        main.o
    0x08004240   0x08004240   0x000000a8   Code   RO          545    i.SetSysClockTo72   system_stm32f10x.o
    0x080042e8   0x080042e8   0x00000018   Code   RO         4959    i.Standby_mode      bsp_pwr.o
    0x08004300   0x08004300   0x00000018   Code   RO          578    i.SysTick_CLKSourceConfig  misc.o
    0x08004318   0x08004318   0x00000014   Code   RO          325    i.SysTick_Handler   stm32f10x_it.o
    0x0800432c   0x0800432c   0x00000050   Code   RO          547    i.SystemInit        system_stm32f10x.o
    0x0800437c   0x0800437c   0x0000006c   Code   RO         2756    i.TI1_Config        stm32f10x_tim.o
    0x080043e8   0x080043e8   0x0000007c   Code   RO         2757    i.TI2_Config        stm32f10x_tim.o
    0x08004464   0x08004464   0x000000a4   Code   RO          326    i.TIM1_CC_IRQHandler  stm32f10x_it.o
    0x08004508   0x08004508   0x00000030   Code   RO          327    i.TIM1_UP_IRQHandler  stm32f10x_it.o
    0x08004538   0x08004538   0x00000044   Code   RO          328    i.TIM4_IRQHandler   stm32f10x_it.o
    0x0800457c   0x0800457c   0x00000044   Code   RO          329    i.TIM5_IRQHandler   stm32f10x_it.o
    0x080045c0   0x080045c0   0x00000030   Code   RO          330    i.TIM6_IRQHandler   stm32f10x_it.o
    0x080045f0   0x080045f0   0x00000044   Code   RO          331    i.TIM7_IRQHandler   stm32f10x_it.o
    0x08004634   0x08004634   0x00000006   Code   RO         2764    i.TIM_ClearFlag     stm32f10x_tim.o
    0x0800463a   0x0800463a   0x00000006   Code   RO         2765    i.TIM_ClearITPendingBit  stm32f10x_tim.o
    0x08004640   0x08004640   0x00000014   Code   RO         2770    i.TIM_Cmd           stm32f10x_tim.o
    0x08004654   0x08004654   0x00000004   Code   RO         2789    i.TIM_GetCounter    stm32f10x_tim.o
    0x08004658   0x08004658   0x00000018   Code   RO         2791    i.TIM_GetITStatus   stm32f10x_tim.o
    0x08004670   0x08004670   0x0000012c   Code   RO         2793    i.TIM_ICInit        stm32f10x_tim.o
    0x0800479c   0x0800479c   0x00000010   Code   RO         2795    i.TIM_ITConfig      stm32f10x_tim.o
    0x080047ac   0x080047ac   0x00000004   Code   RO         2835    i.TIM_SetCounter    stm32f10x_tim.o
    0x080047b0   0x080047b0   0x00000010   Code   RO         2836    i.TIM_SetIC1Prescaler  stm32f10x_tim.o
    0x080047c0   0x080047c0   0x00000018   Code   RO         2837    i.TIM_SetIC2Prescaler  stm32f10x_tim.o
    0x080047d8   0x080047d8   0x00000010   Code   RO         2838    i.TIM_SetIC3Prescaler  stm32f10x_tim.o
    0x080047e8   0x080047e8   0x00000018   Code   RO         2839    i.TIM_SetIC4Prescaler  stm32f10x_tim.o
    0x08004800   0x08004800   0x0000009c   Code   RO         2841    i.TIM_TimeBaseInit  stm32f10x_tim.o
    0x0800489c   0x0800489c   0x000000bc   Code   RO         4539    i.Timer1_Init       bsp_timer.o
    0x08004958   0x08004958   0x00000070   Code   RO         4540    i.Timer4_Init       bsp_timer.o
    0x080049c8   0x080049c8   0x00000070   Code   RO         4541    i.Timer5_Init       bsp_timer.o
    0x08004a38   0x08004a38   0x00000074   Code   RO         4542    i.Timer6_Init       bsp_timer.o
    0x08004aac   0x08004aac   0x00000064   Code   RO         4543    i.Timer7_Init       bsp_timer.o
    0x08004b10   0x08004b10   0x0000009c   Code   RO          332    i.USART1_IRQHandler  stm32f10x_it.o
    0x08004bac   0x08004bac   0x00000034   Code   RO         4932    i.USART2_IRQHandler  uart2.o
    0x08004be0   0x08004be0   0x0000000c   Code   RO         3290    i.USART_ClearITPendingBit  stm32f10x_usart.o
    0x08004bec   0x08004bec   0x00000014   Code   RO         3293    i.USART_Cmd         stm32f10x_usart.o
    0x08004c00   0x08004c00   0x0000003e   Code   RO         3297    i.USART_GetITStatus  stm32f10x_usart.o
    0x08004c3e   0x08004c3e   0x00000030   Code   RO         3299    i.USART_ITConfig    stm32f10x_usart.o
    0x08004c6e   0x08004c6e   0x00000002   PAD
    0x08004c70   0x08004c70   0x000000ac   Code   RO         3300    i.USART_Init        stm32f10x_usart.o
    0x08004d1c   0x08004d1c   0x00000008   Code   RO         3307    i.USART_ReceiveData  stm32f10x_usart.o
    0x08004d24   0x08004d24   0x00000120   Code   RO           24    i.USART_Task        main.o
    0x08004e44   0x08004e44   0x00000002   Code   RO          333    i.UsageFault_Handler  stm32f10x_it.o
    0x08004e46   0x08004e46   0x00000026   Code   RO         5038    i.WWDG_Config       bsp_iwdg.o
    0x08004e6c   0x08004e6c   0x00000020   Code   RO         5716    i.__0printf         mc_w.l(printfa.o)
    0x08004e8c   0x08004e8c   0x00000028   Code   RO         5718    i.__0sprintf        mc_w.l(printfa.o)
    0x08004eb4   0x08004eb4   0x00000008   Code   RO         5823    i.__aeabi_errno_addr  mc_w.l(errno.o)
    0x08004ebc   0x08004ebc   0x0000000c   Code   RO         5824    i.__read_errno      mc_w.l(errno.o)
    0x08004ec8   0x08004ec8   0x0000000e   Code   RO         5898    i.__scatterload_copy  mc_w.l(handlers.o)
    0x08004ed6   0x08004ed6   0x00000002   Code   RO         5899    i.__scatterload_null  mc_w.l(handlers.o)
    0x08004ed8   0x08004ed8   0x0000000e   Code   RO         5900    i.__scatterload_zeroinit  mc_w.l(handlers.o)
    0x08004ee6   0x08004ee6   0x00000002   PAD
    0x08004ee8   0x08004ee8   0x0000000c   Code   RO         5825    i.__set_errno       mc_w.l(errno.o)
    0x08004ef4   0x08004ef4   0x00000184   Code   RO         5723    i._fp_digits        mc_w.l(printfa.o)
    0x08005078   0x08005078   0x0000000e   Code   RO         5883    i._is_digit         mc_w.l(scanf_fp.o)
    0x08005086   0x08005086   0x00000002   PAD
    0x08005088   0x08005088   0x000006b4   Code   RO         5724    i._printf_core      mc_w.l(printfa.o)
    0x0800573c   0x0800573c   0x00000024   Code   RO         5725    i._printf_post_padding  mc_w.l(printfa.o)
    0x08005760   0x08005760   0x0000002e   Code   RO         5726    i._printf_pre_padding  mc_w.l(printfa.o)
    0x0800578e   0x0800578e   0x0000000a   Code   RO         5728    i._sputc            mc_w.l(printfa.o)
    0x08005798   0x08005798   0x0000002a   Code   RO         5453    i.atof              m_ws.l(atof.o)
    0x080057c2   0x080057c2   0x00000002   PAD
    0x080057c4   0x080057c4   0x000000d0   Code   RO         5096    i.check_fs          ff.o
    0x08005894   0x08005894   0x00000018   Code   RO         5097    i.clst2sect         ff.o
    0x080058ac   0x080058ac   0x00000080   Code   RO         5098    i.cmp_lfn           ff.o
    0x0800592c   0x0800592c   0x000000da   Code   RO         5099    i.create_chain      ff.o
    0x08005a06   0x08005a06   0x00000002   PAD
    0x08005a08   0x08005a08   0x00000258   Code   RO         5100    i.create_name       ff.o
    0x08005c60   0x08005c60   0x00000138   Code   RO         5101    i.create_partition  ff.o
    0x08005d98   0x08005d98   0x00000010   Code   RO         5102    i.dbc_1st           ff.o
    0x08005da8   0x08005da8   0x00000034   Code   RO          505    i.delay_us          bsp_delay.o
    0x08005ddc   0x08005ddc   0x0000001a   Code   RO          506    i.delay_xms         bsp_delay.o
    0x08005df6   0x08005df6   0x00000058   Code   RO         5103    i.dir_clear         ff.o
    0x08005e4e   0x08005e4e   0x000000be   Code   RO         5104    i.dir_find          ff.o
    0x08005f0c   0x08005f0c   0x000000bc   Code   RO         5105    i.dir_next          ff.o
    0x08005fc8   0x08005fc8   0x000001ec   Code   RO         5107    i.dir_register      ff.o
    0x080061b4   0x080061b4   0x0000008e   Code   RO         5109    i.dir_sdi           ff.o
    0x08006242   0x08006242   0x00000022   Code   RO         5050    i.disk_initialize   diskio.o
    0x08006264   0x08006264   0x00000054   Code   RO         5051    i.disk_ioctl        diskio.o
    0x080062b8   0x080062b8   0x00000088   Code   RO         5052    i.disk_read         diskio.o
    0x08006340   0x08006340   0x00000018   Code   RO         5053    i.disk_status       diskio.o
    0x08006358   0x08006358   0x0000008c   Code   RO         5054    i.disk_write        diskio.o
    0x080063e4   0x080063e4   0x0000006c   Code   RO         4837    i.dtu_config_init   atk_m750.o
    0x08006450   0x08006450   0x00000054   Code   RO         4838    i.dtu_config_work_param  atk_m750.o
    0x080064a4   0x080064a4   0x00000034   Code   RO         4839    i.dtu_enter_configmode  atk_m750.o
    0x080064d8   0x080064d8   0x00000028   Code   RO         4840    i.dtu_enter_transfermode  atk_m750.o
    0x08006500   0x08006500   0x0000007c   Code   RO         4841    i.dtu_get_urc_info  atk_m750.o
    0x0800657c   0x0800657c   0x00000028   Code   RO         4843    i.dtu_urc_atk_error  atk_m750.o
    0x080065a4   0x080065a4   0x00000028   Code   RO         4844    i.dtu_urc_error_csq  atk_m750.o
    0x080065cc   0x080065cc   0x00000028   Code   RO         4845    i.dtu_urc_error_gprs  atk_m750.o
    0x080065f4   0x080065f4   0x00000028   Code   RO         4846    i.dtu_urc_error_mqtt  atk_m750.o
    0x0800661c   0x0800661c   0x00000028   Code   RO         4847    i.dtu_urc_error_sim  atk_m750.o
    0x08006644   0x08006644   0x0000001e   Code   RO         5110    i.f_close           ff.o
    0x08006662   0x08006662   0x00000014   Code   RO         5111    i.f_closedir        ff.o
    0x08006676   0x08006676   0x00000150   Code   RO         5114    i.f_lseek           ff.o
    0x080067c6   0x080067c6   0x0000010a   Code   RO         5115    i.f_mkdir           ff.o
    0x080068d0   0x080068d0   0x000005b4   Code   RO         5116    i.f_mkfs            ff.o
    0x08006e84   0x08006e84   0x00000048   Code   RO         5117    i.f_mount           ff.o
    0x08006ecc   0x08006ecc   0x000001c8   Code   RO         5118    i.f_open            ff.o
    0x08007094   0x08007094   0x0000006c   Code   RO         5119    i.f_opendir         ff.o
    0x08007100   0x08007100   0x00000224   Code   RO         5120    i.f_printf          ff.o
    0x08007324   0x08007324   0x0000016c   Code   RO         5123    i.f_read            ff.o
    0x08007490   0x08007490   0x0000008e   Code   RO         5127    i.f_sync            ff.o
    0x0800751e   0x0800751e   0x000001a2   Code   RO         5130    i.f_write           ff.o
    0x080076c0   0x080076c0   0x0000004c   Code   RO         5426    i.ff_oem2uni        ffunicode.o
    0x0800770c   0x0800770c   0x00000050   Code   RO         5427    i.ff_uni2oem        ffunicode.o
    0x0800775c   0x0800775c   0x00000088   Code   RO         5428    i.ff_wtoupper       ffunicode.o
    0x080077e4   0x080077e4   0x0000007c   Code   RO         5131    i.follow_path       ff.o
    0x08007860   0x08007860   0x00000018   Code   RO         4992    i.fputc             usart.o
    0x08007878   0x08007878   0x00000050   Code   RO         5744    i.free              mc_w.l(malloc.o)
    0x080078c8   0x080078c8   0x0000009c   Code   RO         5132    i.gen_numname       ff.o
    0x08007964   0x08007964   0x000000e8   Code   RO         5133    i.get_fat           ff.o
    0x08007a4c   0x08007a4c   0x00000030   Code   RO         5055    i.get_fattime       diskio.o
    0x08007a7c   0x08007a7c   0x00000038   Code   RO         5135    i.get_ldnumber      ff.o
    0x08007ab4   0x08007ab4   0x00000026   Code   RO         5136    i.ld_clust          ff.o
    0x08007ada   0x08007ada   0x00000016   Code   RO         5137    i.ld_dword          ff.o
    0x08007af0   0x08007af0   0x0000000a   Code   RO         5138    i.ld_word           ff.o
    0x08007afa   0x08007afa   0x00000002   PAD
    0x08007afc   0x08007afc   0x00000060   Code   RO           25    i.main              main.o
    0x08007b5c   0x08007b5c   0x0000006c   Code   RO         5745    i.malloc            mc_w.l(malloc.o)
    0x08007bc8   0x08007bc8   0x00000280   Code   RO         5139    i.mount_volume      ff.o
    0x08007e48   0x08007e48   0x00000032   Code   RO         5140    i.move_window       ff.o
    0x08007e7a   0x08007e7a   0x00000002   PAD
    0x08007e7c   0x08007e7c   0x00000058   Code   RO          430    i.my_mem_free       malloc.o
    0x08007ed4   0x08007ed4   0x0000003c   Code   RO          431    i.my_mem_init       malloc.o
    0x08007f10   0x08007f10   0x00000090   Code   RO          432    i.my_mem_malloc     malloc.o
    0x08007fa0   0x08007fa0   0x00000038   Code   RO          433    i.my_mem_perused    malloc.o
    0x08007fd8   0x08007fd8   0x00000018   Code   RO          434    i.myfree            malloc.o
    0x08007ff0   0x08007ff0   0x00000020   Code   RO          435    i.mymalloc          malloc.o
    0x08008010   0x08008010   0x0000000e   Code   RO          437    i.mymemset          malloc.o
    0x0800801e   0x0800801e   0x00000002   PAD
    0x08008020   0x08008020   0x00000070   Code   RO         3683    i.prvAddCurrentTaskToDelayedList  tasks.o
    0x08008090   0x08008090   0x000000d0   Code   RO         3684    i.prvAddNewTaskToReadyList  tasks.o
    0x08008160   0x08008160   0x00000058   Code   RO         4233    i.prvCheckForValidListAndQueue  timers.o
    0x080081b8   0x080081b8   0x00000050   Code   RO         3685    i.prvCheckTasksWaitingTermination  tasks.o
    0x08008208   0x08008208   0x00000026   Code   RO         4051    i.prvCopyDataFromQueue  queue.o
    0x0800822e   0x0800822e   0x0000006c   Code   RO         4052    i.prvCopyDataToQueue  queue.o
    0x0800829a   0x0800829a   0x00000022   Code   RO         3686    i.prvDeleteTCB      tasks.o
    0x080082bc   0x080082bc   0x0000004c   Code   RO         4430    i.prvHeapInit       heap_4.o
    0x08008308   0x08008308   0x00000028   Code   RO         3687    i.prvIdleTask       tasks.o
    0x08008330   0x08008330   0x00000016   Code   RO         4053    i.prvInitialiseMutex  queue.o
    0x08008346   0x08008346   0x00000002   PAD
    0x08008348   0x08008348   0x00000022   Code   RO         4054    i.prvInitialiseNewQueue  queue.o
    0x0800836a   0x0800836a   0x0000008c   Code   RO         3688    i.prvInitialiseNewTask  tasks.o
    0x080083f6   0x080083f6   0x00000002   PAD
    0x080083f8   0x080083f8   0x0000004c   Code   RO         4431    i.prvInsertBlockIntoFreeList  heap_4.o
    0x08008444   0x08008444   0x00000038   Code   RO         4235    i.prvInsertTimerInActiveList  timers.o
    0x0800847c   0x0800847c   0x0000001c   Code   RO         4055    i.prvIsQueueEmpty   queue.o
    0x08008498   0x08008498   0x000000ac   Code   RO         4236    i.prvProcessReceivedCommands  timers.o
    0x08008544   0x08008544   0x000000a4   Code   RO         4237    i.prvProcessTimerOrBlockTask  timers.o
    0x080085e8   0x080085e8   0x00000020   Code   RO         3690    i.prvResetNextTaskUnblockTime  tasks.o
    0x08008608   0x08008608   0x00000028   Code   RO         4238    i.prvSampleTimeNow  timers.o
    0x08008630   0x08008630   0x00000058   Code   RO         4239    i.prvSwitchTimerLists  timers.o
    0x08008688   0x08008688   0x00000010   Code   RO         4360    i.prvTaskExitError  port.o
    0x08008698   0x08008698   0x00000014   Code   RO         3532    i.prvTestWaitCondition  event_groups.o
    0x080086ac   0x080086ac   0x00000024   Code   RO         4240    i.prvTimerTask      timers.o
    0x080086d0   0x080086d0   0x0000006a   Code   RO         4056    i.prvUnlockQueue    queue.o
    0x0800873a   0x0800873a   0x00000124   Code   RO         5142    i.put_fat           ff.o
    0x0800885e   0x0800885e   0x0000003a   Code   RO         5143    i.putc_bfd          ff.o
    0x08008898   0x08008898   0x0000002a   Code   RO         5144    i.putc_flush        ff.o
    0x080088c2   0x080088c2   0x00000010   Code   RO         5145    i.putc_init         ff.o
    0x080088d2   0x080088d2   0x00000002   PAD
    0x080088d4   0x080088d4   0x00000098   Code   RO         4432    i.pvPortMalloc      heap_4.o
    0x0800896c   0x0800896c   0x00000018   Code   RO         3693    i.pvTaskIncrementMutexHeldCount  tasks.o
    0x08008984   0x08008984   0x00000024   Code   RO         4361    i.pxPortInitialiseStack  port.o
    0x080089a8   0x080089a8   0x00000074   Code   RO         5146    i.remove_chain      ff.o
    0x08008a1c   0x08008a1c   0x000000a8   Code   RO         4848    i.send_cmd_to_dtu   atk_m750.o
    0x08008ac4   0x08008ac4   0x00000004   Code   RO         4849    i.send_data_to_dtu  atk_m750.o
    0x08008ac8   0x08008ac8   0x00000028   Code   RO         5147    i.st_clust          ff.o
    0x08008af0   0x08008af0   0x00000010   Code   RO         5148    i.st_dword          ff.o
    0x08008b00   0x08008b00   0x00000008   Code   RO         5149    i.st_word           ff.o
    0x08008b08   0x08008b08   0x0000001a   Code   RO         5150    i.sum_sfn           ff.o
    0x08008b22   0x08008b22   0x00000002   PAD
    0x08008b24   0x08008b24   0x00000084   Code   RO         5151    i.sync_fs           ff.o
    0x08008ba8   0x08008ba8   0x00000046   Code   RO         5152    i.sync_window       ff.o
    0x08008bee   0x08008bee   0x00000002   PAD
    0x08008bf0   0x08008bf0   0x0000009c   Code   RO         4933    i.uart2_init        uart2.o
    0x08008c8c   0x08008c8c   0x00000094   Code   RO         4993    i.uart_init         usart.o
    0x08008d20   0x08008d20   0x00000020   Code   RO         4994    i.usart1_send_data  usart.o
    0x08008d40   0x08008d40   0x00000020   Code   RO         4934    i.usart2_send_data  uart2.o
    0x08008d60   0x08008d60   0x00000024   Code   RO         3645    i.uxListRemove      list.o
    0x08008d84   0x08008d84   0x00000018   Code   RO         3700    i.uxTaskResetEventItemValue  tasks.o
    0x08008d9c   0x08008d9c   0x00000014   Code   RO           26    i.vApplicationGetIdleTaskMemory  main.o
    0x08008db0   0x08008db0   0x00000018   Code   RO           27    i.vApplicationGetTimerTaskMemory  main.o
    0x08008dc8   0x08008dc8   0x00000020   Code   RO           28    i.vApplicationStackOverflowHook  main.o
    0x08008de8   0x08008de8   0x00000004   Code   RO         3534    i.vEventGroupClearBitsCallback  event_groups.o
    0x08008dec   0x08008dec   0x00000004   Code   RO         3536    i.vEventGroupSetBitsCallback  event_groups.o
    0x08008df0   0x08008df0   0x00000016   Code   RO         3646    i.vListInitialise   list.o
    0x08008e06   0x08008e06   0x00000006   Code   RO         3647    i.vListInitialiseItem  list.o
    0x08008e0c   0x08008e0c   0x00000030   Code   RO         3648    i.vListInsert       list.o
    0x08008e3c   0x08008e3c   0x00000018   Code   RO         3649    i.vListInsertEnd    list.o
    0x08008e54   0x08008e54   0x0000001c   Code   RO         4363    i.vPortEnterCritical  port.o
    0x08008e70   0x08008e70   0x00000014   Code   RO         4364    i.vPortExitCritical  port.o
    0x08008e84   0x08008e84   0x00000040   Code   RO         4433    i.vPortFree         heap_4.o
    0x08008ec4   0x08008ec4   0x00000014   Code   RO         4365    i.vPortSetupTimerInterrupt  port.o
    0x08008ed8   0x08008ed8   0x00000028   Code   RO         4062    i.vQueueAddToRegistry  queue.o
    0x08008f00   0x08008f00   0x00000044   Code   RO         4066    i.vQueueWaitForMessageRestricted  queue.o
    0x08008f44   0x08008f44   0x00000030   Code   RO         3701    i.vTaskDelay        tasks.o
    0x08008f74   0x08008f74   0x00000098   Code   RO         3703    i.vTaskDelete       tasks.o
    0x0800900c   0x0800900c   0x0000000c   Code   RO         3708    i.vTaskMissedYield  tasks.o
    0x08009018   0x08009018   0x00000020   Code   RO         3710    i.vTaskPlaceOnEventList  tasks.o
    0x08009038   0x08009038   0x00000028   Code   RO         3711    i.vTaskPlaceOnEventListRestricted  tasks.o
    0x08009060   0x08009060   0x0000002c   Code   RO         3712    i.vTaskPlaceOnUnorderedEventList  tasks.o
    0x0800908c   0x0800908c   0x00000084   Code   RO         3713    i.vTaskPriorityInherit  tasks.o
    0x08009110   0x08009110   0x00000010   Code   RO         3717    i.vTaskSetTimeOutState  tasks.o
    0x08009120   0x08009120   0x0000007c   Code   RO         3718    i.vTaskStartScheduler  tasks.o
    0x0800919c   0x0800919c   0x00000010   Code   RO         3720    i.vTaskSuspendAll   tasks.o
    0x080091ac   0x080091ac   0x00000078   Code   RO         3721    i.vTaskSwitchContext  tasks.o
    0x08009224   0x08009224   0x00000034   Code   RO         5153    i.validate          ff.o
    0x08009258   0x08009258   0x0000001a   Code   RO         3537    i.xEventGroupClearBits  event_groups.o
    0x08009272   0x08009272   0x00000002   PAD
    0x08009274   0x08009274   0x00000010   Code   RO         3538    i.xEventGroupClearBitsFromISR  event_groups.o
    0x08009284   0x08009284   0x0000001c   Code   RO         3539    i.xEventGroupCreate  event_groups.o
    0x080092a0   0x080092a0   0x00000064   Code   RO         3542    i.xEventGroupSetBits  event_groups.o
    0x08009304   0x08009304   0x00000010   Code   RO         3543    i.xEventGroupSetBitsFromISR  event_groups.o
    0x08009314   0x08009314   0x000000b0   Code   RO         3545    i.xEventGroupWaitBits  event_groups.o
    0x080093c4   0x080093c4   0x00000030   Code   RO         4366    i.xPortStartScheduler  port.o
    0x080093f4   0x080093f4   0x0000002c   Code   RO         4367    i.xPortSysTickHandler  port.o
    0x08009420   0x08009420   0x00000016   Code   RO         4067    i.xQueueCreateMutex  queue.o
    0x08009436   0x08009436   0x00000036   Code   RO         4069    i.xQueueGenericCreate  queue.o
    0x0800946c   0x0800946c   0x0000001a   Code   RO         4070    i.xQueueGenericCreateStatic  queue.o
    0x08009486   0x08009486   0x00000002   PAD
    0x08009488   0x08009488   0x00000124   Code   RO         4071    i.xQueueGenericReceive  queue.o
    0x080095ac   0x080095ac   0x00000074   Code   RO         4072    i.xQueueGenericReset  queue.o
    0x08009620   0x08009620   0x000000f8   Code   RO         4073    i.xQueueGenericSend  queue.o
    0x08009718   0x08009718   0x00000066   Code   RO         4074    i.xQueueGenericSendFromISR  queue.o
    0x0800977e   0x0800977e   0x00000002   PAD
    0x08009780   0x08009780   0x00000048   Code   RO         3722    i.xTaskCheckForTimeOut  tasks.o
    0x080097c8   0x080097c8   0x0000005a   Code   RO         3723    i.xTaskCreate       tasks.o
    0x08009822   0x08009822   0x00000036   Code   RO         3724    i.xTaskCreateStatic  tasks.o
    0x08009858   0x08009858   0x0000001c   Code   RO         3728    i.xTaskGetSchedulerState  tasks.o
    0x08009874   0x08009874   0x0000000c   Code   RO         3729    i.xTaskGetTickCount  tasks.o
    0x08009880   0x08009880   0x000000b4   Code   RO         3731    i.xTaskIncrementTick  tasks.o
    0x08009934   0x08009934   0x00000070   Code   RO         3734    i.xTaskPriorityDisinherit  tasks.o
    0x080099a4   0x080099a4   0x00000068   Code   RO         3735    i.xTaskRemoveFromEventList  tasks.o
    0x08009a0c   0x08009a0c   0x00000050   Code   RO         3736    i.xTaskRemoveFromUnorderedEventList  tasks.o
    0x08009a5c   0x08009a5c   0x000000b4   Code   RO         3737    i.xTaskResumeAll    tasks.o
    0x08009b10   0x08009b10   0x00000054   Code   RO         4245    i.xTimerCreateTimerTask  timers.o
    0x08009b64   0x08009b64   0x00000050   Code   RO         4246    i.xTimerGenericCommand  timers.o
    0x08009bb4   0x08009bb4   0x00000028   Code   RO         4252    i.xTimerPendFunctionCallFromISR  timers.o
    0x08009bdc   0x08009bdc   0x0000000e   Data   RO           32    .constdata          main.o
    0x08009bea   0x08009bea   0x00000002   PAD
    0x08009bec   0x08009bec   0x00000018   Data   RO          443    .constdata          malloc.o
    0x08009c04   0x08009c04   0x0000028c   Data   RO         4851    .constdata          atk_m750.o
    0x08009e90   0x08009e90   0x0000003c   Data   RO         5154    .constdata          ff.o
    0x08009ecc   0x08009ecc   0x0002abb6   Data   RO         5429    .constdata          ffunicode.o
    0x08034a82   0x08034a82   0x00000081   Data   RO         5854    .constdata          mc_w.l(ctype_o.o)
    0x08034b03   0x08034b03   0x00000001   PAD
    0x08034b04   0x08034b04   0x00000004   Data   RO         5855    .constdata          mc_w.l(ctype_o.o)
    0x08034b08   0x08034b08   0x000000f2   Data   RO           33    .conststring        main.o
    0x08034bfa   0x08034bfa   0x00000002   PAD
    0x08034bfc   0x08034bfc   0x00000828   Data   RO         4852    .conststring        atk_m750.o
    0x08035424   0x08035424   0x00000020   Data   RO         5896    Region$$Table       anon$$obj.o


    Execution Region RW_IRAM1 (Exec base: 0x20000000, Load base: 0x08035444, Size: 0x0000b830, Max: 0x00010000, ABSOLUTE, COMPRESSED[0x00000060])

    Exec Addr    Load Addr    Size         Type   Attr      Idx    E Section Name        Object

    0x20000000   COMPRESSED   0x00000084   Data   RW           34    .data               main.o
    0x20000084   COMPRESSED   0x0000001c   Data   RW          334    .data               stm32f10x_it.o
    0x200000a0   COMPRESSED   0x0000001c   Data   RW          444    .data               malloc.o
    0x200000bc   COMPRESSED   0x00000004   Data   RW          507    .data               bsp_delay.o
    0x200000c0   COMPRESSED   0x00000014   Data   RW         2169    .data               stm32f10x_rcc.o
    0x200000d4   COMPRESSED   0x00000044   Data   RW         3740    .data               tasks.o
    0x20000118   COMPRESSED   0x00000014   Data   RW         4254    .data               timers.o
    0x2000012c   COMPRESSED   0x00000004   Data   RW         4368    .data               port.o
    0x20000130   COMPRESSED   0x00000018   Data   RW         4438    .data               heap_4.o
    0x20000148   COMPRESSED   0x00000014   Data   RW         4613    .data               bsp_sdio_sdcard.o
    0x2000015c   COMPRESSED   0x00000038   Data   RW         4853    .data               atk_m750.o
    0x20000194   COMPRESSED   0x0000000c   Data   RW         5156    .data               ff.o
    0x200001a0   COMPRESSED   0x00000004   Data   RW         5476    .data               mc_w.l(strtok.o)
    0x200001a4   COMPRESSED   0x00000004   Data   RW         5814    .data               mc_w.l(stdout.o)
    0x200001a8   COMPRESSED   0x00000004   Data   RW         5821    .data               mc_w.l(mvars.o)
    0x200001ac   COMPRESSED   0x00000004   Data   RW         5822    .data               mc_w.l(mvars.o)
    0x200001b0   COMPRESSED   0x00000004   Data   RW         5826    .data               mc_w.l(errno.o)
    0x200001b4        -       0x00005012   Zero   RW           29    .bss                main.o
    0x200051c6   COMPRESSED   0x0000001a   PAD
    0x200051e0        -       0x00001400   Zero   RW          441    .bss                malloc.o
    0x200065e0        -       0x00000140   Zero   RW          442    .bss                malloc.o
    0x20006720        -       0x000002e4   Zero   RW         3739    .bss                tasks.o
    0x20006a04        -       0x00000050   Zero   RW         4080    .bss                queue.o
    0x20006a54        -       0x00000118   Zero   RW         4253    .bss                timers.o
    0x20006b6c        -       0x00003c00   Zero   RW         4437    .bss                heap_4.o
    0x2000a76c        -       0x000000c4   Zero   RW         4612    .bss                bsp_sdio_sdcard.o
    0x2000a830        -       0x00000600   Zero   RW         4850    .bss                atk_m750.o
    0x2000ae30        -       0x00000400   Zero   RW            2    HEAP                startup_stm32f10x_hd.o
    0x2000b230        -       0x00000600   Zero   RW            1    STACK               startup_stm32f10x_hd.o



  Load Region LR$$.ARM.__AT_0x68000000 (Base: 0x68000000, Size: 0x00000000, Max: 0x000f0000, ABSOLUTE)

    Execution Region ER$$.ARM.__AT_0x68000000 (Exec base: 0x68000000, Load base: 0x68000000, Size: 0x000f0000, Max: 0x000f0000, ABSOLUTE, UNINIT)

    Exec Addr    Load Addr    Size         Type   Attr      Idx    E Section Name        Object

    0x68000000        -       0x000f0000   Zero   RW          439    .ARM.__AT_0x68000000  malloc.o



  Load Region LR$$.ARM.__AT_0x680F0000 (Base: 0x680f0000, Size: 0x00000000, Max: 0x0000f000, ABSOLUTE)

    Execution Region ER$$.ARM.__AT_0x680F0000 (Exec base: 0x680f0000, Load base: 0x680f0000, Size: 0x0000f000, Max: 0x0000f000, ABSOLUTE, UNINIT)

    Exec Addr    Load Addr    Size         Type   Attr      Idx    E Section Name        Object

    0x680f0000        -       0x0000f000   Zero   RW          440    .ARM.__AT_0x680F0000  malloc.o


==============================================================================

Image component sizes


      Code (inc. data)   RO Data    RW Data    ZI Data      Debug   Object Name

      1056        260       2740         56       1536      11608   atk_m750.o
       236         14          0          0          0       1474   bsp_adc.o
       328         12          0          0          0       2167   bsp_can.o
       130          8          0          4          0       2080   bsp_delay.o
        38          0          0          0          0        598   bsp_iwdg.o
        24          0          0          0          0        487   bsp_pwr.o
      3210        176          0         20        196      21380   bsp_sdio_sdcard.o
       628         30          0          0          0       4254   bsp_timer.o
       466         18          0          0          0       5089   diskio.o
       390         12          0          0          0      24396   event_groups.o
      9022        156         60         12          0      60098   ff.o
       292         30     175030          0          0       3476   ffunicode.o
       368         24          0         24      15360       3967   heap_4.o
       136          0          0          0          0       3250   list.o
      6136       2430        256        132      20498     358745   main.o
       418         44         24         28    1049920       6528   malloc.o
       144         16          0          0          0       2305   misc.o
       362         46          0          4          0       9076   port.o
      1304         20          0          0         80      14743   queue.o
       230          0          0          0          0       3989   ringbuffer.o
        36          8        304          0       2560        872   startup_stm32f10x_hd.o
       364         22          0          0          0       9410   stm32f10x_adc.o
        66         12          0          0          0       3444   stm32f10x_bkp.o
       826         36          0          0          0       6365   stm32f10x_can.o
       136         16          0          0          0       4253   stm32f10x_dma.o
       162          0          0          0          0       2004   stm32f10x_gpio.o
       706        128          0         28          0       9226   stm32f10x_it.o
        68         30          0          0          0       2770   stm32f10x_iwdg.o
        56         12          0          0          0       1107   stm32f10x_pwr.o
       296         58          0         20          0       7872   stm32f10x_rcc.o
       336         82          0          0          0      10723   stm32f10x_sdio.o
       848        104          0          0          0      11832   stm32f10x_tim.o
       322          6          0          0          0       6072   stm32f10x_usart.o
       248         24          0          0          0       1661   system_stm32f10x.o
      2342        230          0         68        740      39730   tasks.o
       848         88          0         20        280       9575   timers.o
       240         22          0          0          0       2260   uart2.o
       204         18          0          0          0       3419   usart.o

    ----------------------------------------------------------------------
     33076       4192     178450        416    1091196     672305   Object Totals
         0          0         32          0          0          0   (incl. Generated)
        54          0          4          0         26          0   (incl. Padding)

    ----------------------------------------------------------------------

      Code (inc. data)   RO Data    RW Data    ZI Data      Debug   Library Member Name

        42          0          0          0          0         84   atof.o
        86          0          0          0          0          0   __dczerorl2.o
        28          0          0          0          0         68   _chval.o
        64          0          0          0          0         84   _sgetc.o
       158          0          0          0          0         92   _strtoul.o
        26          0          0          0          0         80   atoi.o
         8          4        133          0          0         68   ctype_o.o
         0          0          0          0          0          0   entry.o
         0          0          0          0          0          0   entry10a.o
         0          0          0          0          0          0   entry11a.o
         4          0          0          0          0          0   entry12b.o
         8          4          0          0          0          0   entry2.o
         4          0          0          0          0          0   entry5.o
         0          0          0          0          0          0   entry7b.o
         0          0          0          0          0          0   entry8b.o
         8          4          0          0          0          0   entry9a.o
        32         16          0          4          0        204   errno.o
        30          0          0          0          0          0   handlers.o
        36          8          0          0          0         68   init.o
        18          0          0          0          0         76   isspace_o.o
         0          0          0          0          0          0   iusefp.o
        30          0          0          0          0         68   llshl.o
        36          0          0          0          0         68   llsshr.o
        32          0          0          0          0         68   llushr.o
       188         20          0          0          0        160   malloc.o
        26          0          0          0          0         80   memcmp.o
        36          0          0          0          0         68   memcpya.o
        36          0          0          0          0        108   memseta.o
         0          0          0          8          0          0   mvars.o
      2268         96          0          0          0        616   printfa.o
       878         12          0          0          0        216   scanf_fp.o
         0          0          0          4          0          0   stdout.o
        20          0          0          0          0         68   strchr.o
        28          0          0          0          0         76   strcmp.o
        18          0          0          0          0         68   strcpy.o
        14          0          0          0          0         68   strlen.o
        36          0          0          0          0         80   strstr.o
       156         12          0          0          0        120   strtod.o
        68          6          0          4          0         80   strtok.o
       112          0          0          0          0         88   strtol.o
        44          0          0          0          0         80   uidiv.o
        98          0          0          0          0         92   uldiv.o
        48          0          0          0          0         68   cdrcmple.o
        56          0          0          0          0         88   d2f.o
       334          0          0          0          0        148   dadd.o
       222          0          0          0          0        100   ddiv.o
       186          0          0          0          0        176   depilogue.o
        50          0          0          0          0         76   dfixui.o
        48          0          0          0          0         68   dfixul.o
        26          0          0          0          0         76   dfltui.o
        24          0          0          0          0         76   dfltul.o
       228          0          0          0          0         96   dmul.o
        46          0          0          0          0         80   dscalb.o
        38          0          0          0          0         68   f2d.o
       176          0          0          0          0        140   fadd.o
       124          0          0          0          0         88   fdiv.o
       110          0          0          0          0        168   fepilogue.o
        50          0          0          0          0         68   ffixi.o
        40          0          0          0          0         68   ffixui.o
        24          0          0          0          0         68   fscalb.o

    ----------------------------------------------------------------------
      6520        182        134         20          0       4816   Library Totals
        14          0          1          0          0          0   (incl. Padding)

    ----------------------------------------------------------------------

      Code (inc. data)   RO Data    RW Data    ZI Data      Debug   Library Name

        42          0          0          0          0         84   m_ws.l
      4634        182        133         20          0       3012   mc_w.l
      1830          0          0          0          0       1720   mf_w.l

    ----------------------------------------------------------------------
      6520        182        134         20          0       4816   Library Totals

    ----------------------------------------------------------------------

==============================================================================


      Code (inc. data)   RO Data    RW Data    ZI Data      Debug   

     39596       4374     178584        436    1091196     658113   Grand Totals
     39596       4374     178584         96    1091196     658113   ELF Image Totals (compressed)
     39596       4374     178584         96          0          0   ROM Totals

==============================================================================

    Total RO  Size (Code + RO Data)               218180 ( 213.07kB)
    Total RW  Size (RW Data + ZI Data)           1091632 (1066.05kB)
    Total ROM Size (Code + RO Data + RW Data)     218276 ( 213.16kB)

==============================================================================

