<html>
<body>
<pre>
<h1>礦ision Build Log</h1>
<h2>Tool Versions:</h2>
IDE-Version: μVision V5.33.0.0
Copyright (C) 2020 ARM Ltd and ARM Germany GmbH. All rights reserved.
License Information: LC LC, LC, LIC=HN0AE-5KZFN-LQC0Q-NN4XC-T45UT-ERS37
 
Tool Versions:
Toolchain:       MDK-ARM Plus  Version: 5.33.0.0
Toolchain Path:  D:\software\keil 5 install\ARM\ARMCC\Bin
C Compiler:      Armcc.exe V5.06 update 7 (build 960)
Assembler:       Armasm.exe V5.06 update 7 (build 960)
Linker/Locator:  ArmLink.exe V5.06 update 7 (build 960)
Library Manager: ArmAr.exe V5.06 update 7 (build 960)
Hex Converter:   FromElf.exe V5.06 update 7 (build 960)
CPU DLL:         SARMCM3.DLL V5.33.0.0
Dialog DLL:      DCM.DLL V1.17.3.0
Target DLL:      CMSIS_AGDI.dll V1.32.12.0
Dialog DLL:      TCM.DLL V1.48.0.0
 
<h2>Project:</h2>
C:\Users\19565\Desktop\22赛季FWT_ELE\油车\软件\总控制器\u12-VCU4.5.2\Project\VCU4.0.uvprojx
Project File Date:  11/18/2022

<h2>Output:</h2>
*** Using Compiler 'V5.06 update 7 (build 960)', folder: 'D:\software\keil 5 install\ARM\ARMCC\Bin'
Build target 'Target 1'
compiling main.c...
..\User\main.c(814): warning:  #550-D: variable "xResult"  was set but never used
  	BaseType_t xResult;
..\User\main.c(1317): warning:  #550-D: variable "xReturn"  was set but never used
  	BaseType_t xReturn = pdPASS;
..\User\main.c(1408): warning:  #550-D: variable "xReturn"  was set but never used
  	BaseType_t xReturn = pdPASS;
..\User\main.c(100): warning:  #177-D: variable "CPU_Task_Handle"  was declared but never referenced
  static TaskHandle_t CPU_Task_Handle = NULL;
..\User\main.c(191): warning:  #177-D: function "CPU_Task"  was declared but never referenced
  static void CPU_Task(void* pvParameters);                                        /* CPU_Task任务实现 */
..\User\main.c: 5 warnings, 0 errors
linking...
Program Size: Code=39604 RO-data=178584 RW-data=436 ZI-data=1091196  
FromELF: creating hex file...
".\Objects\VCU4.3" - 0 Error(s), 5 Warning(s).

<h2>Software Packages used:</h2>

Package Vendor: Keil
                http://www.keil.com/pack/Keil.STM32F1xx_DFP.2.4.0.pack
                Keil.STM32F1xx_DFP.2.4.0
                STMicroelectronics STM32F1 Series Device Support, Drivers and Examples

<h2>Collection of Component include folders:</h2>
  C:\Users\19565\AppData\Local\Arm\Packs\Keil\STM32F1xx_DFP\2.4.0\Device\Include

<h2>Collection of Component Files used:</h2>
Build Time Elapsed:  00:00:02
</pre>
</body>
</html>
